nohup: ignoring input
[2026-08-20 12:03:07] [INFO] rf-detr - File /home/easemyai/.roboflow/models/rf-detr-medium.pth already exists with correct MD5 hash.
[2026-08-20 12:03:07] [WARNING] rf-detr - Using a different number of positional encodings than DINOv2, which means we're not loading DINOv2 backbone weights. This is not a problem if finetuning a pretrained RF-DETR model.
[2026-08-20 12:03:07] [WARNING] rf-detr - Using patch size 16 instead of 14, which means we're not loading DINOv2 backbone weights. This is not a problem if finetuning a pretrained RF-DETR model.
[2026-08-20 12:03:08] [INFO] rf-detr - File /home/easemyai/.roboflow/models/rf-detr-medium.pth already exists with correct MD5 hash.
[2026-08-20 12:03:10] [WARNING] rf-detr - Using a different number of positional encodings than DINOv2, which means we're not loading DINOv2 backbone weights. This is not a problem if finetuning a pretrained RF-DETR model.
[2026-08-20 12:03:10] [WARNING] rf-detr - Using patch size 16 instead of 14, which means we're not loading DINOv2 backbone weights. This is not a problem if finetuning a pretrained RF-DETR model.
[2026-08-20 12:03:11] [INFO] rf-detr - File /home/easemyai/.roboflow/models/rf-detr-medium.pth already exists with correct MD5 hash.
[2026-08-20 12:03:12] [WARNING] rf-detr - Checkpoint has 90 classes but model is configured for 4. The detection head will be re-initialized to 4 classes.
Using bfloat16 Automatic Mixed Precision (AMP)
GPU available: True (cuda), used: True
TPU available: False, using: 0 TPU cores
💡 Tip: For seamless cloud logging and experiment tracking, try installing [litlogger](https://pypi.org/project/litlogger/) to enable LitLogger, which logs metrics and artifacts automatically to the Lightning Experiments platform.
[2026-08-20 12:03:12] [INFO] rf-detr - Building Roboflow train dataset with square resize at resolution 576
[2026-08-20 12:03:12] [INFO] rf-detr - Using multi-scale training with square resize and scales: [736]
/home/easemyai/weapons_project/rfdetr_env/lib/python3.12/site-packages/rfdetr/datasets/coco.py:1272: UserWarning: RF-DETR has changed the default training augmentation backend from Albumentations (cv2 INTER_LINEAR, no antialias) to torchvision (BILINEAR + antialias=True). Pixel values will differ slightly from previous versions; mAP may drift on existing benchmarks. To restore the previous behaviour, install rfdetr[augment] and pass aug_config=AUG_CONFIG from rfdetr.datasets.aug_configs.
  transforms=make_coco_transforms_square_div_64(
loading annotations into memory...
Done (t=0.07s)
creating index...
index created!
[2026-08-20 12:03:13] [INFO] rf-detr - Building Roboflow val dataset with square resize at resolution 576
[2026-08-20 12:03:13] [INFO] rf-detr - Using multi-scale training with square resize and scales: [736]
LOCAL_RANK: 0 - CUDA_VISIBLE_DEVICES: [0]
Loading `train_dataloader` to estimate number of stepping batches.
/home/easemyai/weapons_project/rfdetr_env/lib/python3.12/site-packages/pytorch_lightning/utilities/_pytree.py:21: `isinstance(treespec, LeafSpec)` is deprecated, use `isinstance(treespec, TreeSpec) and treespec.is_leaf()` instead.
loading annotations into memory...
Done (t=0.01s)
creating index...
index created!
/home/easemyai/weapons_project/rfdetr_env/lib/python3.12/site-packages/pytorch_lightning/utilities/model_summary/model_summary.py:242: Precision bf16-mixed is not supported by the model summary.  Estimated model size in MB will not be accurate. Using 32 bits instead.
┏━━━┳━━━━━━━━━━━━━┳━━━━━━━━━━━━━━┳━━━━━━━━┳━━━━━━━┳━━━━━━━┓
┃   ┃ Name        ┃ Type         ┃ Params ┃ Mode  ┃ FLOPs ┃
┡━━━╇━━━━━━━━━━━━━╇━━━━━━━━━━━━━━╇━━━━━━━━╇━━━━━━━╇━━━━━━━┩
│ 0 │ model       │ LWDETR       │ 33.4 M │ train │     0 │
│ 1 │ criterion   │ SetCriterion │      0 │ train │     0 │
│ 2 │ postprocess │ PostProcess  │      0 │ train │     0 │
└───┴─────────────┴──────────────┴────────┴───────┴───────┘
Trainable params: 33.4 M                                                        
Non-trainable params: 0                                                         
Total params: 33.4 M                                                            
Total estimated model params size (MB): 133.512                                 
Modules in train mode: 483                                                      
Modules in eval mode: 0                                                         
Total FLOPs: 0                                                                  
              Val [1m([0mEpoch [1;36m3[0m/[1;36m150[0m[1m)[0m — Overall Metrics               
┏━━━━━━━━━━━━━━━━━━━━━━━━━━┳━━━━━━━━┳━━━━━━━━━━━━━━━━━━━━━━━━━━┓
┃           mAP            ┃  mAR   ┃         F1 sweep         ┃
┡━━━━━━━━┯━━━━━━━━┯━━━━━━━━╇━━━━━━━━╇━━━━━━━━┯━━━━━━━━┯━━━━━━━━┩
│ [1;92m50:95[0m  │   [1;36m50[0m   │   [1;36m75[0m   │  @[1;36m500[0m  │   F1   │  Prec  │ Recall │
├────────┼────────┼────────┼────────┼────────┼────────┼────────┤
│ [1;36m0.5046[0m │ [1;36m0.7510[0m │ [1;36m0.5158[0m │ [1;36m0.6264[0m │ [1;36m0.7666[0m │ [1;36m0.8300[0m │ [1;36m0.7264[0m │
└────────┴────────┴────────┴────────┴────────┴────────┴────────┘
[1;36m            Val (Epoch 3/150) — Per-class Metrics            [0m
┏━━━━━━━━━┳━━━━━━━━━━┳━━━━━━━━┳━━━━━━━━┳━━━━━━━━━━━┳━━━━━━━━┓
┃[1;36m [0m[1;36mClass  [0m[1;36m [0m┃[1;36m [0m[1;36mAP 50:95[0m[1;36m [0m┃[1;36m [0m[1;36m    AR[0m[1;36m [0m┃[1;36m [0m[1;36m    F1[0m[1;36m [0m┃[1;36m [0m[1;36mPrecision[0m[1;36m [0m┃[1;36m [0m[1;36mRecall[0m[1;36m [0m┃
┡━━━━━━━━━╇━━━━━━━━━━╇━━━━━━━━╇━━━━━━━━╇━━━━━━━━━━━╇━━━━━━━━┩
│[2m [0m[2mknife  [0m[2m [0m│   0.2856 │ 0.4590 │ 0.5739 │    0.7426 │ 0.4676 │
│[2m [0m[2mfirearm[0m[2m [0m│   0.6968 │ 0.7852 │ 0.8940 │    0.8660 │ 0.9238 │
│[2m [0m[2mhammer [0m[2m [0m│   0.5314 │ 0.6348 │ 0.8320 │    0.8814 │ 0.7879 │
└─────────┴──────────┴────────┴────────┴───────────┴────────┘
Metric __rfdetr_effective_map__ improved. New best score: 0.529
[2026-08-20 12:30:34] [INFO] rf-detr - Best regular checkpoint saved to /home/easemyai/weapons_project/runs_rfdetr/rfdetr_m_v2/checkpoint_best_regular.pth (epoch 2, monitor=val/mAP_50_95, value=0.504571)
[2026-08-20 12:30:34] [INFO] rf-detr - Best EMA mAP improved to 0.5292 (epoch 2)
              Val [1m([0mEpoch [1;36m6[0m/[1;36m150[0m[1m)[0m — Overall Metrics               
┏━━━━━━━━━━━━━━━━━━━━━━━━━━┳━━━━━━━━┳━━━━━━━━━━━━━━━━━━━━━━━━━━┓
┃           mAP            ┃  mAR   ┃         F1 sweep         ┃
┡━━━━━━━━┯━━━━━━━━┯━━━━━━━━╇━━━━━━━━╇━━━━━━━━┯━━━━━━━━┯━━━━━━━━┩
│ [1;92m50:95[0m  │   [1;36m50[0m   │   [1;36m75[0m   │  @[1;36m500[0m  │   F1   │  Prec  │ Recall │
├────────┼────────┼────────┼────────┼────────┼────────┼────────┤
│ [1;36m0.5259[0m │ [1;36m0.7657[0m │ [1;36m0.5666[0m │ [1;36m0.6458[0m │ [1;36m0.7799[0m │ [1;36m0.8731[0m │ [1;36m0.7181[0m │
└────────┴────────┴────────┴────────┴────────┴────────┴────────┘
[1;36m            Val (Epoch 6/150) — Per-class Metrics            [0m
┏━━━━━━━━━┳━━━━━━━━━━┳━━━━━━━━┳━━━━━━━━┳━━━━━━━━━━━┳━━━━━━━━┓
┃[1;36m [0m[1;36mClass  [0m[1;36m [0m┃[1;36m [0m[1;36mAP 50:95[0m[1;36m [0m┃[1;36m [0m[1;36m    AR[0m[1;36m [0m┃[1;36m [0m[1;36m    F1[0m[1;36m [0m┃[1;36m [0m[1;36mPrecision[0m[1;36m [0m┃[1;36m [0m[1;36mRecall[0m[1;36m [0m┃
┡━━━━━━━━━╇━━━━━━━━━━╇━━━━━━━━╇━━━━━━━━╇━━━━━━━━━━━╇━━━━━━━━┩
│[2m [0m[2mknife  [0m[2m [0m│   0.3021 │ 0.4495 │ 0.5913 │    0.7907 │ 0.4722 │
│[2m [0m[2mfirearm[0m[2m [0m│   0.7241 │ 0.8031 │ 0.9219 │    0.9194 │ 0.9245 │
│[2m [0m[2mhammer [0m[2m [0m│   0.5516 │ 0.6848 │ 0.8264 │    0.9091 │ 0.7576 │
└─────────┴──────────┴────────┴────────┴───────────┴────────┘
Metric __rfdetr_effective_map__ improved by 0.011 >= min_delta = 0.001. New best score: 0.540
[2026-08-20 12:58:38] [INFO] rf-detr - Best regular checkpoint saved to /home/easemyai/weapons_project/runs_rfdetr/rfdetr_m_v2/checkpoint_best_regular.pth (epoch 5, monitor=val/mAP_50_95, value=0.525931)
[2026-08-20 12:58:38] [INFO] rf-detr - Best EMA mAP improved to 0.5402 (epoch 5)
              Val [1m([0mEpoch [1;36m9[0m/[1;36m150[0m[1m)[0m — Overall Metrics               
┏━━━━━━━━━━━━━━━━━━━━━━━━━━┳━━━━━━━━┳━━━━━━━━━━━━━━━━━━━━━━━━━━┓
┃           mAP            ┃  mAR   ┃         F1 sweep         ┃
┡━━━━━━━━┯━━━━━━━━┯━━━━━━━━╇━━━━━━━━╇━━━━━━━━┯━━━━━━━━┯━━━━━━━━┩
│ [1;92m50:95[0m  │   [1;36m50[0m   │   [1;36m75[0m   │  @[1;36m500[0m  │   F1   │  Prec  │ Recall │
├────────┼────────┼────────┼────────┼────────┼────────┼────────┤
│ [1;36m0.5339[0m │ [1;36m0.7618[0m │ [1;36m0.5736[0m │ [1;36m0.6412[0m │ [1;36m0.7914[0m │ [1;36m0.8658[0m │ [1;36m0.7459[0m │
└────────┴────────┴────────┴────────┴────────┴────────┴────────┘
[1;36m            Val (Epoch 9/150) — Per-class Metrics            [0m
┏━━━━━━━━━┳━━━━━━━━━━┳━━━━━━━━┳━━━━━━━━┳━━━━━━━━━━━┳━━━━━━━━┓
┃[1;36m [0m[1;36mClass  [0m[1;36m [0m┃[1;36m [0m[1;36mAP 50:95[0m[1;36m [0m┃[1;36m [0m[1;36m    AR[0m[1;36m [0m┃[1;36m [0m[1;36m    F1[0m[1;36m [0m┃[1;36m [0m[1;36mPrecision[0m[1;36m [0m┃[1;36m [0m[1;36mRecall[0m[1;36m [0m┃
┡━━━━━━━━━╇━━━━━━━━━━╇━━━━━━━━╇━━━━━━━━╇━━━━━━━━━━━╇━━━━━━━━┩
│[2m [0m[2mknife  [0m[2m [0m│   0.3007 │ 0.4338 │ 0.5977 │    0.8071 │ 0.4745 │
│[2m [0m[2mfirearm[0m[2m [0m│   0.7363 │ 0.8094 │ 0.9281 │    0.9420 │ 0.9145 │
│[2m [0m[2mhammer [0m[2m [0m│   0.5648 │ 0.6803 │ 0.8485 │    0.8485 │ 0.8485 │
└─────────┴──────────┴────────┴────────┴───────────┴────────┘
[2026-08-20 13:26:10] [INFO] rf-detr - Best regular checkpoint saved to /home/easemyai/weapons_project/runs_rfdetr/rfdetr_m_v2/checkpoint_best_regular.pth (epoch 8, monitor=val/mAP_50_95, value=0.533945)
              Val [1m([0mEpoch [1;36m12[0m/[1;36m150[0m[1m)[0m — Overall Metrics              
┏━━━━━━━━━━━━━━━━━━━━━━━━━━┳━━━━━━━━┳━━━━━━━━━━━━━━━━━━━━━━━━━━┓
┃           mAP            ┃  mAR   ┃         F1 sweep         ┃
┡━━━━━━━━┯━━━━━━━━┯━━━━━━━━╇━━━━━━━━╇━━━━━━━━┯━━━━━━━━┯━━━━━━━━┩
│ [1;92m50:95[0m  │   [1;36m50[0m   │   [1;36m75[0m   │  @[1;36m500[0m  │   F1   │  Prec  │ Recall │
├────────┼────────┼────────┼────────┼────────┼────────┼────────┤
│ [1;36m0.5295[0m │ [1;36m0.7584[0m │ [1;36m0.5703[0m │ [1;36m0.6326[0m │ [1;36m0.7887[0m │ [1;36m0.8573[0m │ [1;36m0.7493[0m │
└────────┴────────┴────────┴────────┴────────┴────────┴────────┘
[1;36m           Val (Epoch 12/150) — Per-class Metrics            [0m
┏━━━━━━━━━┳━━━━━━━━━━┳━━━━━━━━┳━━━━━━━━┳━━━━━━━━━━━┳━━━━━━━━┓
┃[1;36m [0m[1;36mClass  [0m[1;36m [0m┃[1;36m [0m[1;36mAP 50:95[0m[1;36m [0m┃[1;36m [0m[1;36m    AR[0m[1;36m [0m┃[1;36m [0m[1;36m    F1[0m[1;36m [0m┃[1;36m [0m[1;36mPrecision[0m[1;36m [0m┃[1;36m [0m[1;36mRecall[0m[1;36m [0m┃
┡━━━━━━━━━╇━━━━━━━━━━╇━━━━━━━━╇━━━━━━━━╇━━━━━━━━━━━╇━━━━━━━━┩
│[2m [0m[2mknife  [0m[2m [0m│   0.2953 │ 0.4113 │ 0.6221 │    0.8359 │ 0.4954 │
│[2m [0m[2mfirearm[0m[2m [0m│   0.7208 │ 0.7972 │ 0.9195 │    0.9051 │ 0.9344 │
│[2m [0m[2mhammer [0m[2m [0m│   0.5724 │ 0.6894 │ 0.8244 │    0.8308 │ 0.8182 │
└─────────┴──────────┴────────┴────────┴───────────┴────────┘
              Val [1m([0mEpoch [1;36m15[0m/[1;36m150[0m[1m)[0m — Overall Metrics              
┏━━━━━━━━━━━━━━━━━━━━━━━━━━┳━━━━━━━━┳━━━━━━━━━━━━━━━━━━━━━━━━━━┓
┃           mAP            ┃  mAR   ┃         F1 sweep         ┃
┡━━━━━━━━┯━━━━━━━━┯━━━━━━━━╇━━━━━━━━╇━━━━━━━━┯━━━━━━━━┯━━━━━━━━┩
│ [1;92m50:95[0m  │   [1;36m50[0m   │   [1;36m75[0m   │  @[1;36m500[0m  │   F1   │  Prec  │ Recall │
├────────┼────────┼────────┼────────┼────────┼────────┼────────┤
│ [1;36m0.5383[0m │ [1;36m0.7733[0m │ [1;36m0.5720[0m │ [1;36m0.6325[0m │ [1;36m0.7912[0m │ [1;36m0.8370[0m │ [1;36m0.7682[0m │
└────────┴────────┴────────┴────────┴────────┴────────┴────────┘
[1;36m           Val (Epoch 15/150) — Per-class Metrics            [0m
┏━━━━━━━━━┳━━━━━━━━━━┳━━━━━━━━┳━━━━━━━━┳━━━━━━━━━━━┳━━━━━━━━┓
┃[1;36m [0m[1;36mClass  [0m[1;36m [0m┃[1;36m [0m[1;36mAP 50:95[0m[1;36m [0m┃[1;36m [0m[1;36m    AR[0m[1;36m [0m┃[1;36m [0m[1;36m    F1[0m[1;36m [0m┃[1;36m [0m[1;36mPrecision[0m[1;36m [0m┃[1;36m [0m[1;36mRecall[0m[1;36m [0m┃
┡━━━━━━━━━╇━━━━━━━━━━╇━━━━━━━━╇━━━━━━━━╇━━━━━━━━━━━╇━━━━━━━━┩
│[2m [0m[2mknife  [0m[2m [0m│   0.3182 │ 0.4419 │ 0.6080 │    0.7868 │ 0.4954 │
│[2m [0m[2mfirearm[0m[2m [0m│   0.7306 │ 0.7873 │ 0.9148 │    0.8861 │ 0.9455 │
│[2m [0m[2mhammer [0m[2m [0m│   0.5660 │ 0.6682 │ 0.8507 │    0.8382 │ 0.8636 │
└─────────┴──────────┴────────┴────────┴───────────┴────────┘
Metric __rfdetr_effective_map__ improved by 0.005 >= min_delta = 0.001. New best score: 0.545
[2026-08-20 14:19:58] [INFO] rf-detr - Best regular checkpoint saved to /home/easemyai/weapons_project/runs_rfdetr/rfdetr_m_v2/checkpoint_best_regular.pth (epoch 14, monitor=val/mAP_50_95, value=0.538267)
[2026-08-20 14:19:59] [INFO] rf-detr - Best EMA mAP improved to 0.5451 (epoch 14)
              Val [1m([0mEpoch [1;36m18[0m/[1;36m150[0m[1m)[0m — Overall Metrics              
┏━━━━━━━━━━━━━━━━━━━━━━━━━━┳━━━━━━━━┳━━━━━━━━━━━━━━━━━━━━━━━━━━┓
┃           mAP            ┃  mAR   ┃         F1 sweep         ┃
┡━━━━━━━━┯━━━━━━━━┯━━━━━━━━╇━━━━━━━━╇━━━━━━━━┯━━━━━━━━┯━━━━━━━━┩
│ [1;92m50:95[0m  │   [1;36m50[0m   │   [1;36m75[0m   │  @[1;36m500[0m  │   F1   │  Prec  │ Recall │
├────────┼────────┼────────┼────────┼────────┼────────┼────────┤
│ [1;36m0.5334[0m │ [1;36m0.7697[0m │ [1;36m0.5826[0m │ [1;36m0.6447[0m │ [1;36m0.7911[0m │ [1;36m0.8455[0m │ [1;36m0.7588[0m │
└────────┴────────┴────────┴────────┴────────┴────────┴────────┘
[1;36m           Val (Epoch 18/150) — Per-class Metrics            [0m
┏━━━━━━━━━┳━━━━━━━━━━┳━━━━━━━━┳━━━━━━━━┳━━━━━━━━━━━┳━━━━━━━━┓
┃[1;36m [0m[1;36mClass  [0m[1;36m [0m┃[1;36m [0m[1;36mAP 50:95[0m[1;36m [0m┃[1;36m [0m[1;36m    AR[0m[1;36m [0m┃[1;36m [0m[1;36m    F1[0m[1;36m [0m┃[1;36m [0m[1;36mPrecision[0m[1;36m [0m┃[1;36m [0m[1;36mRecall[0m[1;36m [0m┃
┡━━━━━━━━━╇━━━━━━━━━━╇━━━━━━━━╇━━━━━━━━╇━━━━━━━━━━━╇━━━━━━━━┩
│[2m [0m[2mknife  [0m[2m [0m│   0.3061 │ 0.4421 │ 0.5897 │    0.7667 │ 0.4792 │
│[2m [0m[2mfirearm[0m[2m [0m│   0.7419 │ 0.8116 │ 0.9264 │    0.9191 │ 0.9337 │
│[2m [0m[2mhammer [0m[2m [0m│   0.5523 │ 0.6803 │ 0.8571 │    0.8507 │ 0.8636 │
└─────────┴──────────┴────────┴────────┴───────────┴────────┘
              Val [1m([0mEpoch [1;36m21[0m/[1;36m150[0m[1m)[0m — Overall Metrics              
┏━━━━━━━━━━━━━━━━━━━━━━━━━━┳━━━━━━━━┳━━━━━━━━━━━━━━━━━━━━━━━━━━┓
┃           mAP            ┃  mAR   ┃         F1 sweep         ┃
┡━━━━━━━━┯━━━━━━━━┯━━━━━━━━╇━━━━━━━━╇━━━━━━━━┯━━━━━━━━┯━━━━━━━━┩
│ [1;92m50:95[0m  │   [1;36m50[0m   │   [1;36m75[0m   │  @[1;36m500[0m  │   F1   │  Prec  │ Recall │
├────────┼────────┼────────┼────────┼────────┼────────┼────────┤
│ [1;36m0.5245[0m │ [1;36m0.7646[0m │ [1;36m0.5810[0m │ [1;36m0.6331[0m │ [1;36m0.7824[0m │ [1;36m0.8807[0m │ [1;36m0.7165[0m │
└────────┴────────┴────────┴────────┴────────┴────────┴────────┘
[1;36m           Val (Epoch 21/150) — Per-class Metrics            [0m
┏━━━━━━━━━┳━━━━━━━━━━┳━━━━━━━━┳━━━━━━━━┳━━━━━━━━━━━┳━━━━━━━━┓
┃[1;36m [0m[1;36mClass  [0m[1;36m [0m┃[1;36m [0m[1;36mAP 50:95[0m[1;36m [0m┃[1;36m [0m[1;36m    AR[0m[1;36m [0m┃[1;36m [0m[1;36m    F1[0m[1;36m [0m┃[1;36m [0m[1;36mPrecision[0m[1;36m [0m┃[1;36m [0m[1;36mRecall[0m[1;36m [0m┃
┡━━━━━━━━━╇━━━━━━━━━━╇━━━━━━━━╇━━━━━━━━╇━━━━━━━━━━━╇━━━━━━━━┩
│[2m [0m[2mknife  [0m[2m [0m│   0.2983 │ 0.4262 │ 0.6055 │    0.7962 │ 0.4884 │
│[2m [0m[2mfirearm[0m[2m [0m│   0.7289 │ 0.7899 │ 0.9282 │    0.9228 │ 0.9337 │
│[2m [0m[2mhammer [0m[2m [0m│   0.5464 │ 0.6833 │ 0.8136 │    0.9231 │ 0.7273 │
└─────────┴──────────┴────────┴────────┴───────────┴────────┘
              Val [1m([0mEpoch [1;36m24[0m/[1;36m150[0m[1m)[0m — Overall Metrics              
┏━━━━━━━━━━━━━━━━━━━━━━━━━━┳━━━━━━━━┳━━━━━━━━━━━━━━━━━━━━━━━━━━┓
┃           mAP            ┃  mAR   ┃         F1 sweep         ┃
┡━━━━━━━━┯━━━━━━━━┯━━━━━━━━╇━━━━━━━━╇━━━━━━━━┯━━━━━━━━┯━━━━━━━━┩
│ [1;92m50:95[0m  │   [1;36m50[0m   │   [1;36m75[0m   │  @[1;36m500[0m  │   F1   │  Prec  │ Recall │
├────────┼────────┼────────┼────────┼────────┼────────┼────────┤
│ [1;36m0.5474[0m │ [1;36m0.7800[0m │ [1;36m0.5855[0m │ [1;36m0.6493[0m │ [1;36m0.8104[0m │ [1;36m0.8783[0m │ [1;36m0.7713[0m │
└────────┴────────┴────────┴────────┴────────┴────────┴────────┘
[1;36m           Val (Epoch 24/150) — Per-class Metrics            [0m
┏━━━━━━━━━┳━━━━━━━━━━┳━━━━━━━━┳━━━━━━━━┳━━━━━━━━━━━┳━━━━━━━━┓
┃[1;36m [0m[1;36mClass  [0m[1;36m [0m┃[1;36m [0m[1;36mAP 50:95[0m[1;36m [0m┃[1;36m [0m[1;36m    AR[0m[1;36m [0m┃[1;36m [0m[1;36m    F1[0m[1;36m [0m┃[1;36m [0m[1;36mPrecision[0m[1;36m [0m┃[1;36m [0m[1;36mRecall[0m[1;36m [0m┃
┡━━━━━━━━━╇━━━━━━━━━━╇━━━━━━━━╇━━━━━━━━╇━━━━━━━━━━━╇━━━━━━━━┩
│[2m [0m[2mknife  [0m[2m [0m│   0.3127 │ 0.4317 │ 0.6084 │    0.8196 │ 0.4838 │
│[2m [0m[2mfirearm[0m[2m [0m│   0.7354 │ 0.8100 │ 0.9354 │    0.9346 │ 0.9363 │
│[2m [0m[2mhammer [0m[2m [0m│   0.5940 │ 0.7061 │ 0.8872 │    0.8806 │ 0.8939 │
└─────────┴──────────┴────────┴────────┴───────────┴────────┘
Metric __rfdetr_effective_map__ improved by 0.010 >= min_delta = 0.001. New best score: 0.555
[2026-08-20 15:41:13] [INFO] rf-detr - Best regular checkpoint saved to /home/easemyai/weapons_project/runs_rfdetr/rfdetr_m_v2/checkpoint_best_regular.pth (epoch 23, monitor=val/mAP_50_95, value=0.547383)
[2026-08-20 15:41:13] [INFO] rf-detr - Best EMA mAP improved to 0.5549 (epoch 23)
              Val [1m([0mEpoch [1;36m27[0m/[1;36m150[0m[1m)[0m — Overall Metrics              
┏━━━━━━━━━━━━━━━━━━━━━━━━━━┳━━━━━━━━┳━━━━━━━━━━━━━━━━━━━━━━━━━━┓
┃           mAP            ┃  mAR   ┃         F1 sweep         ┃
┡━━━━━━━━┯━━━━━━━━┯━━━━━━━━╇━━━━━━━━╇━━━━━━━━┯━━━━━━━━┯━━━━━━━━┩
│ [1;92m50:95[0m  │   [1;36m50[0m   │   [1;36m75[0m   │  @[1;36m500[0m  │   F1   │  Prec  │ Recall │
├────────┼────────┼────────┼────────┼────────┼────────┼────────┤
│ [1;36m0.5399[0m │ [1;36m0.7678[0m │ [1;36m0.5548[0m │ [1;36m0.6335[0m │ [1;36m0.7929[0m │ [1;36m0.8340[0m │ [1;36m0.7765[0m │
└────────┴────────┴────────┴────────┴────────┴────────┴────────┘
[1;36m           Val (Epoch 27/150) — Per-class Metrics            [0m
┏━━━━━━━━━┳━━━━━━━━━━┳━━━━━━━━┳━━━━━━━━┳━━━━━━━━━━━┳━━━━━━━━┓
┃[1;36m [0m[1;36mClass  [0m[1;36m [0m┃[1;36m [0m[1;36mAP 50:95[0m[1;36m [0m┃[1;36m [0m[1;36m    AR[0m[1;36m [0m┃[1;36m [0m[1;36m    F1[0m[1;36m [0m┃[1;36m [0m[1;36mPrecision[0m[1;36m [0m┃[1;36m [0m[1;36mRecall[0m[1;36m [0m┃
┡━━━━━━━━━╇━━━━━━━━━━╇━━━━━━━━╇━━━━━━━━╇━━━━━━━━━━━╇━━━━━━━━┩
│[2m [0m[2mknife  [0m[2m [0m│   0.3116 │ 0.4264 │ 0.6049 │    0.7881 │ 0.4907 │
│[2m [0m[2mfirearm[0m[2m [0m│   0.7405 │ 0.7968 │ 0.9248 │    0.9057 │ 0.9448 │
│[2m [0m[2mhammer [0m[2m [0m│   0.5675 │ 0.6773 │ 0.8489 │    0.8082 │ 0.8939 │
└─────────┴──────────┴────────┴────────┴───────────┴────────┘
              Val [1m([0mEpoch [1;36m30[0m/[1;36m150[0m[1m)[0m — Overall Metrics              
┏━━━━━━━━━━━━━━━━━━━━━━━━━━┳━━━━━━━━┳━━━━━━━━━━━━━━━━━━━━━━━━━━┓
┃           mAP            ┃  mAR   ┃         F1 sweep         ┃
┡━━━━━━━━┯━━━━━━━━┯━━━━━━━━╇━━━━━━━━╇━━━━━━━━┯━━━━━━━━┯━━━━━━━━┩
│ [1;92m50:95[0m  │   [1;36m50[0m   │   [1;36m75[0m   │  @[1;36m500[0m  │   F1   │  Prec  │ Recall │
├────────┼────────┼────────┼────────┼────────┼────────┼────────┤
│ [1;36m0.5410[0m │ [1;36m0.7647[0m │ [1;36m0.5766[0m │ [1;36m0.6371[0m │ [1;36m0.8004[0m │ [1;36m0.8416[0m │ [1;36m0.7820[0m │
└────────┴────────┴────────┴────────┴────────┴────────┴────────┘
[1;36m           Val (Epoch 30/150) — Per-class Metrics            [0m
┏━━━━━━━━━┳━━━━━━━━━━┳━━━━━━━━┳━━━━━━━━┳━━━━━━━━━━━┳━━━━━━━━┓
┃[1;36m [0m[1;36mClass  [0m[1;36m [0m┃[1;36m [0m[1;36mAP 50:95[0m[1;36m [0m┃[1;36m [0m[1;36m    AR[0m[1;36m [0m┃[1;36m [0m[1;36m    F1[0m[1;36m [0m┃[1;36m [0m[1;36mPrecision[0m[1;36m [0m┃[1;36m [0m[1;36mRecall[0m[1;36m [0m┃
┡━━━━━━━━━╇━━━━━━━━━━╇━━━━━━━━╇━━━━━━━━╇━━━━━━━━━━━╇━━━━━━━━┩
│[2m [0m[2mknife  [0m[2m [0m│   0.3090 │ 0.4537 │ 0.6119 │    0.7883 │ 0.5000 │
│[2m [0m[2mfirearm[0m[2m [0m│   0.7401 │ 0.8044 │ 0.9154 │    0.8814 │ 0.9521 │
│[2m [0m[2mhammer [0m[2m [0m│   0.5739 │ 0.6530 │ 0.8741 │    0.8551 │ 0.8939 │
└─────────┴──────────┴────────┴────────┴───────────┴────────┘
              Val [1m([0mEpoch [1;36m33[0m/[1;36m150[0m[1m)[0m — Overall Metrics              
┏━━━━━━━━━━━━━━━━━━━━━━━━━━┳━━━━━━━━┳━━━━━━━━━━━━━━━━━━━━━━━━━━┓
┃           mAP            ┃  mAR   ┃         F1 sweep         ┃
┡━━━━━━━━┯━━━━━━━━┯━━━━━━━━╇━━━━━━━━╇━━━━━━━━┯━━━━━━━━┯━━━━━━━━┩
│ [1;92m50:95[0m  │   [1;36m50[0m   │   [1;36m75[0m   │  @[1;36m500[0m  │   F1   │  Prec  │ Recall │
├────────┼────────┼────────┼────────┼────────┼────────┼────────┤
│ [1;36m0.5520[0m │ [1;36m0.7791[0m │ [1;36m0.5897[0m │ [1;36m0.6675[0m │ [1;36m0.7901[0m │ [1;36m0.8343[0m │ [1;36m0.7720[0m │
└────────┴────────┴────────┴────────┴────────┴────────┴────────┘
[1;36m           Val (Epoch 33/150) — Per-class Metrics            [0m
┏━━━━━━━━━┳━━━━━━━━━━┳━━━━━━━━┳━━━━━━━━┳━━━━━━━━━━━┳━━━━━━━━┓
┃[1;36m [0m[1;36mClass  [0m[1;36m [0m┃[1;36m [0m[1;36mAP 50:95[0m[1;36m [0m┃[1;36m [0m[1;36m    AR[0m[1;36m [0m┃[1;36m [0m[1;36m    F1[0m[1;36m [0m┃[1;36m [0m[1;36mPrecision[0m[1;36m [0m┃[1;36m [0m[1;36mRecall[0m[1;36m [0m┃
┡━━━━━━━━━╇━━━━━━━━━━╇━━━━━━━━╇━━━━━━━━╇━━━━━━━━━━━╇━━━━━━━━┩
│[2m [0m[2mknife  [0m[2m [0m│   0.3167 │ 0.4727 │ 0.6229 │    0.8134 │ 0.5046 │
│[2m [0m[2mfirearm[0m[2m [0m│   0.7533 │ 0.8283 │ 0.9333 │    0.9193 │ 0.9477 │
│[2m [0m[2mhammer [0m[2m [0m│   0.5861 │ 0.7015 │ 0.8143 │    0.7703 │ 0.8636 │
└─────────┴──────────┴────────┴────────┴───────────┴────────┘
Metric __rfdetr_effective_map__ improved by 0.001 >= min_delta = 0.001. New best score: 0.556
[2026-08-20 17:02:09] [INFO] rf-detr - Best regular checkpoint saved to /home/easemyai/weapons_project/runs_rfdetr/rfdetr_m_v2/checkpoint_best_regular.pth (epoch 32, monitor=val/mAP_50_95, value=0.552029)
[2026-08-20 17:02:10] [INFO] rf-detr - Best EMA mAP improved to 0.5562 (epoch 32)
              Val [1m([0mEpoch [1;36m36[0m/[1;36m150[0m[1m)[0m — Overall Metrics              
┏━━━━━━━━━━━━━━━━━━━━━━━━━━┳━━━━━━━━┳━━━━━━━━━━━━━━━━━━━━━━━━━━┓
┃           mAP            ┃  mAR   ┃         F1 sweep         ┃
┡━━━━━━━━┯━━━━━━━━┯━━━━━━━━╇━━━━━━━━╇━━━━━━━━┯━━━━━━━━┯━━━━━━━━┩
│ [1;92m50:95[0m  │   [1;36m50[0m   │   [1;36m75[0m   │  @[1;36m500[0m  │   F1   │  Prec  │ Recall │
├────────┼────────┼────────┼────────┼────────┼────────┼────────┤
│ [1;36m0.5582[0m │ [1;36m0.7816[0m │ [1;36m0.6039[0m │ [1;36m0.6657[0m │ [1;36m0.8108[0m │ [1;36m0.8862[0m │ [1;36m0.7668[0m │
└────────┴────────┴────────┴────────┴────────┴────────┴────────┘
[1;36m           Val (Epoch 36/150) — Per-class Metrics            [0m
┏━━━━━━━━━┳━━━━━━━━━━┳━━━━━━━━┳━━━━━━━━┳━━━━━━━━━━━┳━━━━━━━━┓
┃[1;36m [0m[1;36mClass  [0m[1;36m [0m┃[1;36m [0m[1;36mAP 50:95[0m[1;36m [0m┃[1;36m [0m[1;36m    AR[0m[1;36m [0m┃[1;36m [0m[1;36m    F1[0m[1;36m [0m┃[1;36m [0m[1;36mPrecision[0m[1;36m [0m┃[1;36m [0m[1;36mRecall[0m[1;36m [0m┃
┡━━━━━━━━━╇━━━━━━━━━━╇━━━━━━━━╇━━━━━━━━╇━━━━━━━━━━━╇━━━━━━━━┩
│[2m [0m[2mknife  [0m[2m [0m│   0.3164 │ 0.4519 │ 0.6129 │    0.8360 │ 0.4838 │
│[2m [0m[2mfirearm[0m[2m [0m│   0.7438 │ 0.8180 │ 0.9340 │    0.9302 │ 0.9378 │
│[2m [0m[2mhammer [0m[2m [0m│   0.6143 │ 0.7273 │ 0.8855 │    0.8923 │ 0.8788 │
└─────────┴──────────┴────────┴────────┴───────────┴────────┘
Metric __rfdetr_effective_map__ improved by 0.003 >= min_delta = 0.001. New best score: 0.559
[2026-08-20 17:29:07] [INFO] rf-detr - Best regular checkpoint saved to /home/easemyai/weapons_project/runs_rfdetr/rfdetr_m_v2/checkpoint_best_regular.pth (epoch 35, monitor=val/mAP_50_95, value=0.558166)
[2026-08-20 17:29:07] [INFO] rf-detr - Best EMA mAP improved to 0.5595 (epoch 35)
              Val [1m([0mEpoch [1;36m39[0m/[1;36m150[0m[1m)[0m — Overall Metrics              
┏━━━━━━━━━━━━━━━━━━━━━━━━━━┳━━━━━━━━┳━━━━━━━━━━━━━━━━━━━━━━━━━━┓
┃           mAP            ┃  mAR   ┃         F1 sweep         ┃
┡━━━━━━━━┯━━━━━━━━┯━━━━━━━━╇━━━━━━━━╇━━━━━━━━┯━━━━━━━━┯━━━━━━━━┩
│ [1;92m50:95[0m  │   [1;36m50[0m   │   [1;36m75[0m   │  @[1;36m500[0m  │   F1   │  Prec  │ Recall │
├────────┼────────┼────────┼────────┼────────┼────────┼────────┤
│ [1;36m0.5473[0m │ [1;36m0.7769[0m │ [1;36m0.6022[0m │ [1;36m0.6639[0m │ [1;36m0.7996[0m │ [1;36m0.8712[0m │ [1;36m0.7566[0m │
└────────┴────────┴────────┴────────┴────────┴────────┴────────┘
[1;36m           Val (Epoch 39/150) — Per-class Metrics            [0m
┏━━━━━━━━━┳━━━━━━━━━━┳━━━━━━━━┳━━━━━━━━┳━━━━━━━━━━━┳━━━━━━━━┓
┃[1;36m [0m[1;36mClass  [0m[1;36m [0m┃[1;36m [0m[1;36mAP 50:95[0m[1;36m [0m┃[1;36m [0m[1;36m    AR[0m[1;36m [0m┃[1;36m [0m[1;36m    F1[0m[1;36m [0m┃[1;36m [0m[1;36mPrecision[0m[1;36m [0m┃[1;36m [0m[1;36mRecall[0m[1;36m [0m┃
┡━━━━━━━━━╇━━━━━━━━━━╇━━━━━━━━╇━━━━━━━━╇━━━━━━━━━━━╇━━━━━━━━┩
│[2m [0m[2mknife  [0m[2m [0m│   0.3118 │ 0.4583 │ 0.6183 │    0.8288 │ 0.4931 │
│[2m [0m[2mfirearm[0m[2m [0m│   0.7441 │ 0.8272 │ 0.9343 │    0.9256 │ 0.9433 │
│[2m [0m[2mhammer [0m[2m [0m│   0.5860 │ 0.7061 │ 0.8462 │    0.8594 │ 0.8333 │
└─────────┴──────────┴────────┴────────┴───────────┴────────┘
              Val [1m([0mEpoch [1;36m42[0m/[1;36m150[0m[1m)[0m — Overall Metrics              
┏━━━━━━━━━━━━━━━━━━━━━━━━━━┳━━━━━━━━┳━━━━━━━━━━━━━━━━━━━━━━━━━━┓
┃           mAP            ┃  mAR   ┃         F1 sweep         ┃
┡━━━━━━━━┯━━━━━━━━┯━━━━━━━━╇━━━━━━━━╇━━━━━━━━┯━━━━━━━━┯━━━━━━━━┩
│ [1;92m50:95[0m  │   [1;36m50[0m   │   [1;36m75[0m   │  @[1;36m500[0m  │   F1   │  Prec  │ Recall │
├────────┼────────┼────────┼────────┼────────┼────────┼────────┤
│ [1;36m0.5480[0m │ [1;36m0.7693[0m │ [1;36m0.5998[0m │ [1;36m0.6677[0m │ [1;36m0.7965[0m │ [1;36m0.8597[0m │ [1;36m0.7591[0m │
└────────┴────────┴────────┴────────┴────────┴────────┴────────┘
[1;36m           Val (Epoch 42/150) — Per-class Metrics            [0m
┏━━━━━━━━━┳━━━━━━━━━━┳━━━━━━━━┳━━━━━━━━┳━━━━━━━━━━━┳━━━━━━━━┓
┃[1;36m [0m[1;36mClass  [0m[1;36m [0m┃[1;36m [0m[1;36mAP 50:95[0m[1;36m [0m┃[1;36m [0m[1;36m    AR[0m[1;36m [0m┃[1;36m [0m[1;36m    F1[0m[1;36m [0m┃[1;36m [0m[1;36mPrecision[0m[1;36m [0m┃[1;36m [0m[1;36mRecall[0m[1;36m [0m┃
┡━━━━━━━━━╇━━━━━━━━━━╇━━━━━━━━╇━━━━━━━━╇━━━━━━━━━━━╇━━━━━━━━┩
│[2m [0m[2mknife  [0m[2m [0m│   0.3153 │ 0.4637 │ 0.6072 │    0.8023 │ 0.4884 │
│[2m [0m[2mfirearm[0m[2m [0m│   0.7468 │ 0.8335 │ 0.9207 │    0.9018 │ 0.9403 │
│[2m [0m[2mhammer [0m[2m [0m│   0.5821 │ 0.7061 │ 0.8615 │    0.8750 │ 0.8485 │
└─────────┴──────────┴────────┴────────┴───────────┴────────┘
              Val [1m([0mEpoch [1;36m45[0m/[1;36m150[0m[1m)[0m — Overall Metrics              
┏━━━━━━━━━━━━━━━━━━━━━━━━━━┳━━━━━━━━┳━━━━━━━━━━━━━━━━━━━━━━━━━━┓
┃           mAP            ┃  mAR   ┃         F1 sweep         ┃
┡━━━━━━━━┯━━━━━━━━┯━━━━━━━━╇━━━━━━━━╇━━━━━━━━┯━━━━━━━━┯━━━━━━━━┩
│ [1;92m50:95[0m  │   [1;36m50[0m   │   [1;36m75[0m   │  @[1;36m500[0m  │   F1   │  Prec  │ Recall │
├────────┼────────┼────────┼────────┼────────┼────────┼────────┤
│ [1;36m0.5379[0m │ [1;36m0.7704[0m │ [1;36m0.5817[0m │ [1;36m0.6497[0m │ [1;36m0.8014[0m │ [1;36m0.8704[0m │ [1;36m0.7609[0m │
└────────┴────────┴────────┴────────┴────────┴────────┴────────┘
[1;36m           Val (Epoch 45/150) — Per-class Metrics            [0m
┏━━━━━━━━━┳━━━━━━━━━━┳━━━━━━━━┳━━━━━━━━┳━━━━━━━━━━━┳━━━━━━━━┓
┃[1;36m [0m[1;36mClass  [0m[1;36m [0m┃[1;36m [0m[1;36mAP 50:95[0m[1;36m [0m┃[1;36m [0m[1;36m    AR[0m[1;36m [0m┃[1;36m [0m[1;36m    F1[0m[1;36m [0m┃[1;36m [0m[1;36mPrecision[0m[1;36m [0m┃[1;36m [0m[1;36mRecall[0m[1;36m [0m┃
┡━━━━━━━━━╇━━━━━━━━━━╇━━━━━━━━╇━━━━━━━━╇━━━━━━━━━━━╇━━━━━━━━┩
│[2m [0m[2mknife  [0m[2m [0m│   0.2987 │ 0.4530 │ 0.6105 │    0.8203 │ 0.4861 │
│[2m [0m[2mfirearm[0m[2m [0m│   0.7502 │ 0.8188 │ 0.9366 │    0.9402 │ 0.9330 │
│[2m [0m[2mhammer [0m[2m [0m│   0.5647 │ 0.6773 │ 0.8571 │    0.8507 │ 0.8636 │
└─────────┴──────────┴────────┴────────┴───────────┴────────┘
              Val [1m([0mEpoch [1;36m48[0m/[1;36m150[0m[1m)[0m — Overall Metrics              
┏━━━━━━━━━━━━━━━━━━━━━━━━━━┳━━━━━━━━┳━━━━━━━━━━━━━━━━━━━━━━━━━━┓
┃           mAP            ┃  mAR   ┃         F1 sweep         ┃
┡━━━━━━━━┯━━━━━━━━┯━━━━━━━━╇━━━━━━━━╇━━━━━━━━┯━━━━━━━━┯━━━━━━━━┩
│ [1;92m50:95[0m  │   [1;36m50[0m   │   [1;36m75[0m   │  @[1;36m500[0m  │   F1   │  Prec  │ Recall │
├────────┼────────┼────────┼────────┼────────┼────────┼────────┤
│ [1;36m0.5400[0m │ [1;36m0.7579[0m │ [1;36m0.5980[0m │ [1;36m0.6490[0m │ [1;36m0.7912[0m │ [1;36m0.8686[0m │ [1;36m0.7414[0m │
└────────┴────────┴────────┴────────┴────────┴────────┴────────┘
[1;36m           Val (Epoch 48/150) — Per-class Metrics            [0m
┏━━━━━━━━━┳━━━━━━━━━━┳━━━━━━━━┳━━━━━━━━┳━━━━━━━━━━━┳━━━━━━━━┓
┃[1;36m [0m[1;36mClass  [0m[1;36m [0m┃[1;36m [0m[1;36mAP 50:95[0m[1;36m [0m┃[1;36m [0m[1;36m    AR[0m[1;36m [0m┃[1;36m [0m[1;36m    F1[0m[1;36m [0m┃[1;36m [0m[1;36mPrecision[0m[1;36m [0m┃[1;36m [0m[1;36mRecall[0m[1;36m [0m┃
┡━━━━━━━━━╇━━━━━━━━━━╇━━━━━━━━╇━━━━━━━━╇━━━━━━━━━━━╇━━━━━━━━┩
│[2m [0m[2mknife  [0m[2m [0m│   0.3072 │ 0.4352 │ 0.6078 │    0.8108 │ 0.4861 │
│[2m [0m[2mfirearm[0m[2m [0m│   0.7514 │ 0.8134 │ 0.9376 │    0.9400 │ 0.9352 │
│[2m [0m[2mhammer [0m[2m [0m│   0.5615 │ 0.6985 │ 0.8281 │    0.8548 │ 0.8030 │
└─────────┴──────────┴────────┴────────┴───────────┴────────┘
              Val [1m([0mEpoch [1;36m51[0m/[1;36m150[0m[1m)[0m — Overall Metrics              
┏━━━━━━━━━━━━━━━━━━━━━━━━━━┳━━━━━━━━┳━━━━━━━━━━━━━━━━━━━━━━━━━━┓
┃           mAP            ┃  mAR   ┃         F1 sweep         ┃
┡━━━━━━━━┯━━━━━━━━┯━━━━━━━━╇━━━━━━━━╇━━━━━━━━┯━━━━━━━━┯━━━━━━━━┩
│ [1;92m50:95[0m  │   [1;36m50[0m   │   [1;36m75[0m   │  @[1;36m500[0m  │   F1   │  Prec  │ Recall │
├────────┼────────┼────────┼────────┼────────┼────────┼────────┤
│ [1;36m0.5474[0m │ [1;36m0.7620[0m │ [1;36m0.6057[0m │ [1;36m0.6630[0m │ [1;36m0.8053[0m │ [1;36m0.8693[0m │ [1;36m0.7674[0m │
└────────┴────────┴────────┴────────┴────────┴────────┴────────┘
[1;36m           Val (Epoch 51/150) — Per-class Metrics            [0m
┏━━━━━━━━━┳━━━━━━━━━━┳━━━━━━━━┳━━━━━━━━┳━━━━━━━━━━━┳━━━━━━━━┓
┃[1;36m [0m[1;36mClass  [0m[1;36m [0m┃[1;36m [0m[1;36mAP 50:95[0m[1;36m [0m┃[1;36m [0m[1;36m    AR[0m[1;36m [0m┃[1;36m [0m[1;36m    F1[0m[1;36m [0m┃[1;36m [0m[1;36mPrecision[0m[1;36m [0m┃[1;36m [0m[1;36mRecall[0m[1;36m [0m┃
┡━━━━━━━━━╇━━━━━━━━━━╇━━━━━━━━╇━━━━━━━━╇━━━━━━━━━━━╇━━━━━━━━┩
│[2m [0m[2mknife  [0m[2m [0m│   0.3081 │ 0.4539 │ 0.6061 │    0.8046 │ 0.4861 │
│[2m [0m[2mfirearm[0m[2m [0m│   0.7544 │ 0.8228 │ 0.9376 │    0.9377 │ 0.9374 │
│[2m [0m[2mhammer [0m[2m [0m│   0.5797 │ 0.7121 │ 0.8722 │    0.8657 │ 0.8788 │
└─────────┴──────────┴────────┴────────┴───────────┴────────┘
              Val [1m([0mEpoch [1;36m54[0m/[1;36m150[0m[1m)[0m — Overall Metrics              
┏━━━━━━━━━━━━━━━━━━━━━━━━━━┳━━━━━━━━┳━━━━━━━━━━━━━━━━━━━━━━━━━━┓
┃           mAP            ┃  mAR   ┃         F1 sweep         ┃
┡━━━━━━━━┯━━━━━━━━┯━━━━━━━━╇━━━━━━━━╇━━━━━━━━┯━━━━━━━━┯━━━━━━━━┩
│ [1;92m50:95[0m  │   [1;36m50[0m   │   [1;36m75[0m   │  @[1;36m500[0m  │   F1   │  Prec  │ Recall │
├────────┼────────┼────────┼────────┼────────┼────────┼────────┤
│ [1;36m0.5507[0m │ [1;36m0.7626[0m │ [1;36m0.5971[0m │ [1;36m0.6573[0m │ [1;36m0.7984[0m │ [1;36m0.8623[0m │ [1;36m0.7604[0m │
└────────┴────────┴────────┴────────┴────────┴────────┴────────┘
[1;36m           Val (Epoch 54/150) — Per-class Metrics            [0m
┏━━━━━━━━━┳━━━━━━━━━━┳━━━━━━━━┳━━━━━━━━┳━━━━━━━━━━━┳━━━━━━━━┓
┃[1;36m [0m[1;36mClass  [0m[1;36m [0m┃[1;36m [0m[1;36mAP 50:95[0m[1;36m [0m┃[1;36m [0m[1;36m    AR[0m[1;36m [0m┃[1;36m [0m[1;36m    F1[0m[1;36m [0m┃[1;36m [0m[1;36mPrecision[0m[1;36m [0m┃[1;36m [0m[1;36mRecall[0m[1;36m [0m┃
┡━━━━━━━━━╇━━━━━━━━━━╇━━━━━━━━╇━━━━━━━━╇━━━━━━━━━━━╇━━━━━━━━┩
│[2m [0m[2mknife  [0m[2m [0m│   0.3012 │ 0.4502 │ 0.6081 │    0.8053 │ 0.4884 │
│[2m [0m[2mfirearm[0m[2m [0m│   0.7535 │ 0.8186 │ 0.9320 │    0.9200 │ 0.9444 │
│[2m [0m[2mhammer [0m[2m [0m│   0.5975 │ 0.7030 │ 0.8550 │    0.8615 │ 0.8485 │
└─────────┴──────────┴────────┴────────┴───────────┴────────┘
              Val [1m([0mEpoch [1;36m57[0m/[1;36m150[0m[1m)[0m — Overall Metrics              
┏━━━━━━━━━━━━━━━━━━━━━━━━━━┳━━━━━━━━┳━━━━━━━━━━━━━━━━━━━━━━━━━━┓
┃           mAP            ┃  mAR   ┃         F1 sweep         ┃
┡━━━━━━━━┯━━━━━━━━┯━━━━━━━━╇━━━━━━━━╇━━━━━━━━┯━━━━━━━━┯━━━━━━━━┩
│ [1;92m50:95[0m  │   [1;36m50[0m   │   [1;36m75[0m   │  @[1;36m500[0m  │   F1   │  Prec  │ Recall │
├────────┼────────┼────────┼────────┼────────┼────────┼────────┤
│ [1;36m0.5521[0m │ [1;36m0.7623[0m │ [1;36m0.5980[0m │ [1;36m0.6550[0m │ [1;36m0.8058[0m │ [1;36m0.8722[0m │ [1;36m0.7659[0m │
└────────┴────────┴────────┴────────┴────────┴────────┴────────┘
[1;36m           Val (Epoch 57/150) — Per-class Metrics            [0m
┏━━━━━━━━━┳━━━━━━━━━━┳━━━━━━━━┳━━━━━━━━┳━━━━━━━━━━━┳━━━━━━━━┓
┃[1;36m [0m[1;36mClass  [0m[1;36m [0m┃[1;36m [0m[1;36mAP 50:95[0m[1;36m [0m┃[1;36m [0m[1;36m    AR[0m[1;36m [0m┃[1;36m [0m[1;36m    F1[0m[1;36m [0m┃[1;36m [0m[1;36mPrecision[0m[1;36m [0m┃[1;36m [0m[1;36mRecall[0m[1;36m [0m┃
┡━━━━━━━━━╇━━━━━━━━━━╇━━━━━━━━╇━━━━━━━━╇━━━━━━━━━━━╇━━━━━━━━┩
│[2m [0m[2mknife  [0m[2m [0m│   0.3118 │ 0.4528 │ 0.6147 │    0.8161 │ 0.4931 │
│[2m [0m[2mfirearm[0m[2m [0m│   0.7489 │ 0.8137 │ 0.9390 │    0.9369 │ 0.9411 │
│[2m [0m[2mhammer [0m[2m [0m│   0.5956 │ 0.6985 │ 0.8636 │    0.8636 │ 0.8636 │
└─────────┴──────────┴────────┴────────┴───────────┴────────┘
              Val [1m([0mEpoch [1;36m60[0m/[1;36m150[0m[1m)[0m — Overall Metrics              
┏━━━━━━━━━━━━━━━━━━━━━━━━━━┳━━━━━━━━┳━━━━━━━━━━━━━━━━━━━━━━━━━━┓
┃           mAP            ┃  mAR   ┃         F1 sweep         ┃
┡━━━━━━━━┯━━━━━━━━┯━━━━━━━━╇━━━━━━━━╇━━━━━━━━┯━━━━━━━━┯━━━━━━━━┩
│ [1;92m50:95[0m  │   [1;36m50[0m   │   [1;36m75[0m   │  @[1;36m500[0m  │   F1   │  Prec  │ Recall │
├────────┼────────┼────────┼────────┼────────┼────────┼────────┤
│ [1;36m0.5460[0m │ [1;36m0.7668[0m │ [1;36m0.5799[0m │ [1;36m0.6295[0m │ [1;36m0.8038[0m │ [1;36m0.8585[0m │ [1;36m0.7756[0m │
└────────┴────────┴────────┴────────┴────────┴────────┴────────┘
[1;36m           Val (Epoch 60/150) — Per-class Metrics            [0m
┏━━━━━━━━━┳━━━━━━━━━━┳━━━━━━━━┳━━━━━━━━┳━━━━━━━━━━━┳━━━━━━━━┓
┃[1;36m [0m[1;36mClass  [0m[1;36m [0m┃[1;36m [0m[1;36mAP 50:95[0m[1;36m [0m┃[1;36m [0m[1;36m    AR[0m[1;36m [0m┃[1;36m [0m[1;36m    F1[0m[1;36m [0m┃[1;36m [0m[1;36mPrecision[0m[1;36m [0m┃[1;36m [0m[1;36mRecall[0m[1;36m [0m┃
┡━━━━━━━━━╇━━━━━━━━━━╇━━━━━━━━╇━━━━━━━━╇━━━━━━━━━━━╇━━━━━━━━┩
│[2m [0m[2mknife  [0m[2m [0m│   0.3050 │ 0.4174 │ 0.6081 │    0.8053 │ 0.4884 │
│[2m [0m[2mfirearm[0m[2m [0m│   0.7551 │ 0.8090 │ 0.9358 │    0.9273 │ 0.9444 │
│[2m [0m[2mhammer [0m[2m [0m│   0.5779 │ 0.6621 │ 0.8676 │    0.8429 │ 0.8939 │
└─────────┴──────────┴────────┴────────┴───────────┴────────┘
Monitored metric __rfdetr_effective_map__ did not improve in the last 8 records. Best score: 0.559. Signaling Trainer to stop.
[2026-08-20 21:05:08] [INFO] rf-detr - Best total checkpoint saved from EMA (regular=0.5582, ema=0.5595)
[2026-08-20 21:05:09] [INFO] rf-detr - Loaded best weights from /home/easemyai/weapons_project/runs_rfdetr/rfdetr_m_v2/checkpoint_best_total.pth for test evaluation.
[2026-08-20 21:05:09] [INFO] rf-detr - Building Roboflow test dataset with square resize at resolution 576
[2026-08-20 21:05:09] [INFO] rf-detr - Using multi-scale training with square resize and scales: [736]
LOCAL_RANK: 0 - CUDA_VISIBLE_DEVICES: [0]
loading annotations into memory...
Done (t=0.00s)
creating index...
index created!
             Test [1m([0mEpoch [1;36m61[0m/[1;36m150[0m[1m)[0m — Overall Metrics              
┏━━━━━━━━━━━━━━━━━━━━━━━━━━┳━━━━━━━━┳━━━━━━━━━━━━━━━━━━━━━━━━━━┓
┃           mAP            ┃  mAR   ┃         F1 sweep         ┃
┡━━━━━━━━┯━━━━━━━━┯━━━━━━━━╇━━━━━━━━╇━━━━━━━━┯━━━━━━━━┯━━━━━━━━┩
│ [1;92m50:95[0m  │   [1;36m50[0m   │   [1;36m75[0m   │  @[1;36m500[0m  │   F1   │  Prec  │ Recall │
├────────┼────────┼────────┼────────┼────────┼────────┼────────┤
│ [1;36m0.7926[0m │ [1;36m0.9864[0m │ [1;36m0.8654[0m │ [1;36m0.8743[0m │ [1;36m0.9837[0m │ [1;36m0.9930[0m │ [1;36m0.9745[0m │
└────────┴────────┴────────┴────────┴────────┴────────┴────────┘
[1;36m           Test (Epoch 61/150) — Per-class Metrics           [0m
┏━━━━━━━━━┳━━━━━━━━━━┳━━━━━━━━┳━━━━━━━━┳━━━━━━━━━━━┳━━━━━━━━┓
┃[1;36m [0m[1;36mClass  [0m[1;36m [0m┃[1;36m [0m[1;36mAP 50:95[0m[1;36m [0m┃[1;36m [0m[1;36m    AR[0m[1;36m [0m┃[1;36m [0m[1;36m    F1[0m[1;36m [0m┃[1;36m [0m[1;36mPrecision[0m[1;36m [0m┃[1;36m [0m[1;36mRecall[0m[1;36m [0m┃
┡━━━━━━━━━╇━━━━━━━━━━╇━━━━━━━━╇━━━━━━━━╇━━━━━━━━━━━╇━━━━━━━━┩
│[2m [0m[2mknife  [0m[2m [0m│   0.6650 │ 0.8050 │ 0.9746 │    0.9860 │ 0.9635 │
│[2m [0m[2mfirearm[0m[2m [0m│   0.9203 │ 0.9436 │ 0.9927 │    1.0000 │ 0.9855 │
└─────────┴──────────┴────────┴────────┴───────────┴────────┘
