nohup: ignoring input
[2026-08-24 12:10:00] [INFO] rf-detr - File /home/easemyai/.roboflow/models/rf-detr-large-2026.pth already exists with correct MD5 hash.
[2026-08-24 12:10:00] [WARNING] rf-detr - Using a different number of positional encodings than DINOv2, which means we're not loading DINOv2 backbone weights. This is not a problem if finetuning a pretrained RF-DETR model.
[2026-08-24 12:10:00] [WARNING] rf-detr - Using patch size 16 instead of 14, which means we're not loading DINOv2 backbone weights. This is not a problem if finetuning a pretrained RF-DETR model.
[2026-08-24 12:10:00] [INFO] rf-detr - File /home/easemyai/.roboflow/models/rf-detr-large-2026.pth already exists with correct MD5 hash.
/home/easemyai/weapons_project/rfdetr_env/lib/python3.12/site-packages/pydantic/main.py:263: FutureWarning: lr_drop is deprecated; pass it via lr_scheduler_kwargs={'lr_drop': ...} instead.
  validated_self = self.__pydantic_validator__.validate_python(data, self_instance=self)
[2026-08-24 12:10:02] [WARNING] rf-detr - Using a different number of positional encodings than DINOv2, which means we're not loading DINOv2 backbone weights. This is not a problem if finetuning a pretrained RF-DETR model.
[2026-08-24 12:10:02] [WARNING] rf-detr - Using patch size 16 instead of 14, which means we're not loading DINOv2 backbone weights. This is not a problem if finetuning a pretrained RF-DETR model.
[2026-08-24 12:10:02] [INFO] rf-detr - File /home/easemyai/.roboflow/models/rf-detr-large-2026.pth already exists with correct MD5 hash.
[2026-08-24 12:10:03] [WARNING] rf-detr - Checkpoint has 90 classes but model is configured for 4. The detection head will be re-initialized to 4 classes.
Using bfloat16 Automatic Mixed Precision (AMP)
GPU available: True (cuda), used: True
TPU available: False, using: 0 TPU cores
💡 Tip: For seamless cloud logging and experiment tracking, try installing [litlogger](https://pypi.org/project/litlogger/) to enable LitLogger, which logs metrics and artifacts automatically to the Lightning Experiments platform.
/home/easemyai/weapons_project/rfdetr_env/lib/python3.12/site-packages/lightning_fabric/loggers/csv_logs.py:268: Experiment logs directory /home/easemyai/weapons_project/runs_rfdetr/rfdetr_m_v4/ exists and is not empty. Previous log files in this directory will be deleted when the new ones are saved!
[2026-08-24 12:10:03] [INFO] rf-detr - Building Roboflow train dataset with square resize at resolution 704
[2026-08-24 12:10:03] [INFO] rf-detr - Using multi-scale training with square resize and scales: [864]
/home/easemyai/weapons_project/rfdetr_env/lib/python3.12/site-packages/rfdetr/datasets/coco.py:1272: UserWarning: RF-DETR has changed the default training augmentation backend from Albumentations (cv2 INTER_LINEAR, no antialias) to torchvision (BILINEAR + antialias=True). Pixel values will differ slightly from previous versions; mAP may drift on existing benchmarks. To restore the previous behaviour, install rfdetr[augment] and pass aug_config=AUG_CONFIG from rfdetr.datasets.aug_configs.
  transforms=make_coco_transforms_square_div_64(
loading annotations into memory...
Done (t=0.07s)
creating index...
index created!
[2026-08-24 12:10:03] [INFO] rf-detr - Building Roboflow val dataset with square resize at resolution 704
[2026-08-24 12:10:03] [INFO] rf-detr - Using multi-scale training with square resize and scales: [864]
LOCAL_RANK: 0 - CUDA_VISIBLE_DEVICES: [0]
Loading `train_dataloader` to estimate number of stepping batches.
/home/easemyai/weapons_project/rfdetr_env/lib/python3.12/site-packages/pytorch_lightning/utilities/_pytree.py:21: `isinstance(treespec, LeafSpec)` is deprecated, use `isinstance(treespec, TreeSpec) and treespec.is_leaf()` instead.
loading annotations into memory...
Done (t=0.01s)
creating index...
index created!
/home/easemyai/weapons_project/rfdetr_env/lib/python3.12/site-packages/pytorch_lightning/utilities/model_summary/model_summary.py:242: Precision bf16-mixed is not supported by the model summary.  Estimated model size in MB will not be accurate. Using 32 bits instead.
┏━━━┳━━━━━━━━━━━━━┳━━━━━━━━━━━━━━┳━━━━━━━━┳━━━━━━━┳━━━━━━━┓
┃   ┃ Name        ┃ Type         ┃ Params ┃ Mode  ┃ FLOPs ┃
┡━━━╇━━━━━━━━━━━━━╇━━━━━━━━━━━━━━╇━━━━━━━━╇━━━━━━━╇━━━━━━━┩
│ 0 │ model       │ LWDETR       │ 33.6 M │ train │     0 │
│ 1 │ criterion   │ SetCriterion │      0 │ train │     0 │
│ 2 │ postprocess │ PostProcess  │      0 │ train │     0 │
└───┴─────────────┴──────────────┴────────┴───────┴───────┘
Trainable params: 33.6 M                                                        
Non-trainable params: 0                                                         
Total params: 33.6 M                                                            
Total estimated model params size (MB): 134.495                                 
Modules in train mode: 483                                                      
Modules in eval mode: 0                                                         
Total FLOPs: 0                                                                  
Seed set to 42
               Val [1m([0mEpoch [1;36m3[0m/[1;36m60[0m[1m)[0m — Overall Metrics               
┏━━━━━━━━━━━━━━━━━━━━━━━━━━┳━━━━━━━━┳━━━━━━━━━━━━━━━━━━━━━━━━━━┓
┃           mAP            ┃  mAR   ┃         F1 sweep         ┃
┡━━━━━━━━┯━━━━━━━━┯━━━━━━━━╇━━━━━━━━╇━━━━━━━━┯━━━━━━━━┯━━━━━━━━┩
│ [1;92m50:95[0m  │   [1;36m50[0m   │   [1;36m75[0m   │  @[1;36m500[0m  │   F1   │  Prec  │ Recall │
├────────┼────────┼────────┼────────┼────────┼────────┼────────┤
│ [1;36m0.4771[0m │ [1;36m0.7375[0m │ [1;36m0.5069[0m │ [1;36m0.6425[0m │ [1;36m0.7494[0m │ [1;36m0.8558[0m │ [1;36m0.6795[0m │
└────────┴────────┴────────┴────────┴────────┴────────┴────────┘
[1;36m            Val (Epoch 3/60) — Per-class Metrics             [0m
┏━━━━━━━━━┳━━━━━━━━━━┳━━━━━━━━┳━━━━━━━━┳━━━━━━━━━━━┳━━━━━━━━┓
┃[1;36m [0m[1;36mClass  [0m[1;36m [0m┃[1;36m [0m[1;36mAP 50:95[0m[1;36m [0m┃[1;36m [0m[1;36m    AR[0m[1;36m [0m┃[1;36m [0m[1;36m    F1[0m[1;36m [0m┃[1;36m [0m[1;36mPrecision[0m[1;36m [0m┃[1;36m [0m[1;36mRecall[0m[1;36m [0m┃
┡━━━━━━━━━╇━━━━━━━━━━╇━━━━━━━━╇━━━━━━━━╇━━━━━━━━━━━╇━━━━━━━━┩
│[2m [0m[2mknife  [0m[2m [0m│   0.2837 │ 0.4826 │ 0.5727 │    0.7975 │ 0.4468 │
│[2m [0m[2mfirearm[0m[2m [0m│   0.6808 │ 0.7949 │ 0.8949 │    0.9277 │ 0.8645 │
│[2m [0m[2mhammer [0m[2m [0m│   0.4668 │ 0.6500 │ 0.7805 │    0.8421 │ 0.7273 │
└─────────┴──────────┴────────┴────────┴───────────┴────────┘
Metric __rfdetr_effective_map__ improved. New best score: 0.497
[2026-08-24 12:40:37] [INFO] rf-detr - Best regular checkpoint saved to /home/easemyai/weapons_project/runs_rfdetr/rfdetr_m_v4/checkpoint_best_regular.pth (epoch 2, monitor=val/mAP_50_95, value=0.477117)
[2026-08-24 12:40:37] [INFO] rf-detr - Best EMA mAP improved to 0.4974 (epoch 2)
               Val [1m([0mEpoch [1;36m6[0m/[1;36m60[0m[1m)[0m — Overall Metrics               
┏━━━━━━━━━━━━━━━━━━━━━━━━━━┳━━━━━━━━┳━━━━━━━━━━━━━━━━━━━━━━━━━━┓
┃           mAP            ┃  mAR   ┃         F1 sweep         ┃
┡━━━━━━━━┯━━━━━━━━┯━━━━━━━━╇━━━━━━━━╇━━━━━━━━┯━━━━━━━━┯━━━━━━━━┩
│ [1;92m50:95[0m  │   [1;36m50[0m   │   [1;36m75[0m   │  @[1;36m500[0m  │   F1   │  Prec  │ Recall │
├────────┼────────┼────────┼────────┼────────┼────────┼────────┤
│ [1;36m0.5154[0m │ [1;36m0.7653[0m │ [1;36m0.5468[0m │ [1;36m0.6454[0m │ [1;36m0.7554[0m │ [1;36m0.8849[0m │ [1;36m0.6900[0m │
└────────┴────────┴────────┴────────┴────────┴────────┴────────┘
[1;36m            Val (Epoch 6/60) — Per-class Metrics             [0m
┏━━━━━━━━━┳━━━━━━━━━━┳━━━━━━━━┳━━━━━━━━┳━━━━━━━━━━━┳━━━━━━━━┓
┃[1;36m [0m[1;36mClass  [0m[1;36m [0m┃[1;36m [0m[1;36mAP 50:95[0m[1;36m [0m┃[1;36m [0m[1;36m    AR[0m[1;36m [0m┃[1;36m [0m[1;36m    F1[0m[1;36m [0m┃[1;36m [0m[1;36mPrecision[0m[1;36m [0m┃[1;36m [0m[1;36mRecall[0m[1;36m [0m┃
┡━━━━━━━━━╇━━━━━━━━━━╇━━━━━━━━╇━━━━━━━━╇━━━━━━━━━━━╇━━━━━━━━┩
│[2m [0m[2mknife  [0m[2m [0m│   0.2933 │ 0.4569 │ 0.5361 │    0.8743 │ 0.3866 │
│[2m [0m[2mfirearm[0m[2m [0m│   0.7069 │ 0.7928 │ 0.9148 │    0.9522 │ 0.8803 │
│[2m [0m[2mhammer [0m[2m [0m│   0.5459 │ 0.6864 │ 0.8154 │    0.8281 │ 0.8030 │
└─────────┴──────────┴────────┴────────┴───────────┴────────┘
Metric __rfdetr_effective_map__ improved by 0.029 >= min_delta = 0.001. New best score: 0.526
[2026-08-24 13:10:54] [INFO] rf-detr - Best regular checkpoint saved to /home/easemyai/weapons_project/runs_rfdetr/rfdetr_m_v4/checkpoint_best_regular.pth (epoch 5, monitor=val/mAP_50_95, value=0.515358)
[2026-08-24 13:10:54] [INFO] rf-detr - Best EMA mAP improved to 0.5263 (epoch 5)
               Val [1m([0mEpoch [1;36m9[0m/[1;36m60[0m[1m)[0m — Overall Metrics               
┏━━━━━━━━━━━━━━━━━━━━━━━━━━┳━━━━━━━━┳━━━━━━━━━━━━━━━━━━━━━━━━━━┓
┃           mAP            ┃  mAR   ┃         F1 sweep         ┃
┡━━━━━━━━┯━━━━━━━━┯━━━━━━━━╇━━━━━━━━╇━━━━━━━━┯━━━━━━━━┯━━━━━━━━┩
│ [1;92m50:95[0m  │   [1;36m50[0m   │   [1;36m75[0m   │  @[1;36m500[0m  │   F1   │  Prec  │ Recall │
├────────┼────────┼────────┼────────┼────────┼────────┼────────┤
│ [1;36m0.5336[0m │ [1;36m0.7866[0m │ [1;36m0.5536[0m │ [1;36m0.6535[0m │ [1;36m0.7929[0m │ [1;36m0.8708[0m │ [1;36m0.7566[0m │
└────────┴────────┴────────┴────────┴────────┴────────┴────────┘
[1;36m            Val (Epoch 9/60) — Per-class Metrics             [0m
┏━━━━━━━━━┳━━━━━━━━━━┳━━━━━━━━┳━━━━━━━━┳━━━━━━━━━━━┳━━━━━━━━┓
┃[1;36m [0m[1;36mClass  [0m[1;36m [0m┃[1;36m [0m[1;36mAP 50:95[0m[1;36m [0m┃[1;36m [0m[1;36m    AR[0m[1;36m [0m┃[1;36m [0m[1;36m    F1[0m[1;36m [0m┃[1;36m [0m[1;36mPrecision[0m[1;36m [0m┃[1;36m [0m[1;36mRecall[0m[1;36m [0m┃
┡━━━━━━━━━╇━━━━━━━━━━╇━━━━━━━━╇━━━━━━━━╇━━━━━━━━━━━╇━━━━━━━━┩
│[2m [0m[2mknife  [0m[2m [0m│   0.3053 │ 0.4736 │ 0.5766 │    0.8370 │ 0.4398 │
│[2m [0m[2mfirearm[0m[2m [0m│   0.7204 │ 0.7989 │ 0.9280 │    0.9203 │ 0.9359 │
│[2m [0m[2mhammer [0m[2m [0m│   0.5750 │ 0.6879 │ 0.8741 │    0.8551 │ 0.8939 │
└─────────┴──────────┴────────┴────────┴───────────┴────────┘
Metric __rfdetr_effective_map__ improved by 0.009 >= min_delta = 0.001. New best score: 0.535
[2026-08-24 13:41:22] [INFO] rf-detr - Best regular checkpoint saved to /home/easemyai/weapons_project/runs_rfdetr/rfdetr_m_v4/checkpoint_best_regular.pth (epoch 8, monitor=val/mAP_50_95, value=0.533604)
[2026-08-24 13:41:23] [INFO] rf-detr - Best EMA mAP improved to 0.5350 (epoch 8)
              Val [1m([0mEpoch [1;36m12[0m/[1;36m60[0m[1m)[0m — Overall Metrics               
┏━━━━━━━━━━━━━━━━━━━━━━━━━━┳━━━━━━━━┳━━━━━━━━━━━━━━━━━━━━━━━━━━┓
┃           mAP            ┃  mAR   ┃         F1 sweep         ┃
┡━━━━━━━━┯━━━━━━━━┯━━━━━━━━╇━━━━━━━━╇━━━━━━━━┯━━━━━━━━┯━━━━━━━━┩
│ [1;92m50:95[0m  │   [1;36m50[0m   │   [1;36m75[0m   │  @[1;36m500[0m  │   F1   │  Prec  │ Recall │
├────────┼────────┼────────┼────────┼────────┼────────┼────────┤
│ [1;36m0.5292[0m │ [1;36m0.7771[0m │ [1;36m0.5515[0m │ [1;36m0.6579[0m │ [1;36m0.7873[0m │ [1;36m0.8406[0m │ [1;36m0.7594[0m │
└────────┴────────┴────────┴────────┴────────┴────────┴────────┘
[1;36m            Val (Epoch 12/60) — Per-class Metrics            [0m
┏━━━━━━━━━┳━━━━━━━━━━┳━━━━━━━━┳━━━━━━━━┳━━━━━━━━━━━┳━━━━━━━━┓
┃[1;36m [0m[1;36mClass  [0m[1;36m [0m┃[1;36m [0m[1;36mAP 50:95[0m[1;36m [0m┃[1;36m [0m[1;36m    AR[0m[1;36m [0m┃[1;36m [0m[1;36m    F1[0m[1;36m [0m┃[1;36m [0m[1;36mPrecision[0m[1;36m [0m┃[1;36m [0m[1;36mRecall[0m[1;36m [0m┃
┡━━━━━━━━━╇━━━━━━━━━━╇━━━━━━━━╇━━━━━━━━╇━━━━━━━━━━━╇━━━━━━━━┩
│[2m [0m[2mknife  [0m[2m [0m│   0.2942 │ 0.4662 │ 0.5997 │    0.7887 │ 0.4838 │
│[2m [0m[2mfirearm[0m[2m [0m│   0.7219 │ 0.7985 │ 0.9216 │    0.9276 │ 0.9157 │
│[2m [0m[2mhammer [0m[2m [0m│   0.5714 │ 0.7091 │ 0.8406 │    0.8056 │ 0.8788 │
└─────────┴──────────┴────────┴────────┴───────────┴────────┘
Metric __rfdetr_effective_map__ improved by 0.001 >= min_delta = 0.001. New best score: 0.536
[2026-08-24 14:11:37] [INFO] rf-detr - Best EMA mAP improved to 0.5363 (epoch 11)
              Val [1m([0mEpoch [1;36m15[0m/[1;36m60[0m[1m)[0m — Overall Metrics               
┏━━━━━━━━━━━━━━━━━━━━━━━━━━┳━━━━━━━━┳━━━━━━━━━━━━━━━━━━━━━━━━━━┓
┃           mAP            ┃  mAR   ┃         F1 sweep         ┃
┡━━━━━━━━┯━━━━━━━━┯━━━━━━━━╇━━━━━━━━╇━━━━━━━━┯━━━━━━━━┯━━━━━━━━┩
│ [1;92m50:95[0m  │   [1;36m50[0m   │   [1;36m75[0m   │  @[1;36m500[0m  │   F1   │  Prec  │ Recall │
├────────┼────────┼────────┼────────┼────────┼────────┼────────┤
│ [1;36m0.5321[0m │ [1;36m0.7713[0m │ [1;36m0.5661[0m │ [1;36m0.6563[0m │ [1;36m0.7748[0m │ [1;36m0.8152[0m │ [1;36m0.7517[0m │
└────────┴────────┴────────┴────────┴────────┴────────┴────────┘
[1;36m            Val (Epoch 15/60) — Per-class Metrics            [0m
┏━━━━━━━━━┳━━━━━━━━━━┳━━━━━━━━┳━━━━━━━━┳━━━━━━━━━━━┳━━━━━━━━┓
┃[1;36m [0m[1;36mClass  [0m[1;36m [0m┃[1;36m [0m[1;36mAP 50:95[0m[1;36m [0m┃[1;36m [0m[1;36m    AR[0m[1;36m [0m┃[1;36m [0m[1;36m    F1[0m[1;36m [0m┃[1;36m [0m[1;36mPrecision[0m[1;36m [0m┃[1;36m [0m[1;36mRecall[0m[1;36m [0m┃
┡━━━━━━━━━╇━━━━━━━━━━╇━━━━━━━━╇━━━━━━━━╇━━━━━━━━━━━╇━━━━━━━━┩
│[2m [0m[2mknife  [0m[2m [0m│   0.3040 │ 0.4583 │ 0.5774 │    0.7263 │ 0.4792 │
│[2m [0m[2mfirearm[0m[2m [0m│   0.7285 │ 0.8089 │ 0.9234 │    0.9193 │ 0.9274 │
│[2m [0m[2mhammer [0m[2m [0m│   0.5639 │ 0.7015 │ 0.8235 │    0.8000 │ 0.8485 │
└─────────┴──────────┴────────┴────────┴───────────┴────────┘
Metric __rfdetr_effective_map__ improved by 0.009 >= min_delta = 0.001. New best score: 0.545
[2026-08-24 14:42:09] [INFO] rf-detr - Best EMA mAP improved to 0.5449 (epoch 14)
              Val [1m([0mEpoch [1;36m18[0m/[1;36m60[0m[1m)[0m — Overall Metrics               
┏━━━━━━━━━━━━━━━━━━━━━━━━━━┳━━━━━━━━┳━━━━━━━━━━━━━━━━━━━━━━━━━━┓
┃           mAP            ┃  mAR   ┃         F1 sweep         ┃
┡━━━━━━━━┯━━━━━━━━┯━━━━━━━━╇━━━━━━━━╇━━━━━━━━┯━━━━━━━━┯━━━━━━━━┩
│ [1;92m50:95[0m  │   [1;36m50[0m   │   [1;36m75[0m   │  @[1;36m500[0m  │   F1   │  Prec  │ Recall │
├────────┼────────┼────────┼────────┼────────┼────────┼────────┤
│ [1;36m0.5374[0m │ [1;36m0.7834[0m │ [1;36m0.5698[0m │ [1;36m0.6519[0m │ [1;36m0.7835[0m │ [1;36m0.8353[0m │ [1;36m0.7497[0m │
└────────┴────────┴────────┴────────┴────────┴────────┴────────┘
[1;36m            Val (Epoch 18/60) — Per-class Metrics            [0m
┏━━━━━━━━━┳━━━━━━━━━━┳━━━━━━━━┳━━━━━━━━┳━━━━━━━━━━━┳━━━━━━━━┓
┃[1;36m [0m[1;36mClass  [0m[1;36m [0m┃[1;36m [0m[1;36mAP 50:95[0m[1;36m [0m┃[1;36m [0m[1;36m    AR[0m[1;36m [0m┃[1;36m [0m[1;36m    F1[0m[1;36m [0m┃[1;36m [0m[1;36mPrecision[0m[1;36m [0m┃[1;36m [0m[1;36mRecall[0m[1;36m [0m┃
┡━━━━━━━━━╇━━━━━━━━━━╇━━━━━━━━╇━━━━━━━━╇━━━━━━━━━━━╇━━━━━━━━┩
│[2m [0m[2mknife  [0m[2m [0m│   0.3039 │ 0.4535 │ 0.5874 │    0.7420 │ 0.4861 │
│[2m [0m[2mfirearm[0m[2m [0m│   0.7278 │ 0.8084 │ 0.9168 │    0.9043 │ 0.9297 │
│[2m [0m[2mhammer [0m[2m [0m│   0.5805 │ 0.6939 │ 0.8462 │    0.8594 │ 0.8333 │
└─────────┴──────────┴────────┴────────┴───────────┴────────┘
[2026-08-24 15:12:35] [INFO] rf-detr - Best regular checkpoint saved to /home/easemyai/weapons_project/runs_rfdetr/rfdetr_m_v4/checkpoint_best_regular.pth (epoch 17, monitor=val/mAP_50_95, value=0.537393)
[2026-08-24 15:12:36] [INFO] rf-detr - Best EMA mAP improved to 0.5458 (epoch 17)
              Val [1m([0mEpoch [1;36m21[0m/[1;36m60[0m[1m)[0m — Overall Metrics               
┏━━━━━━━━━━━━━━━━━━━━━━━━━━┳━━━━━━━━┳━━━━━━━━━━━━━━━━━━━━━━━━━━┓
┃           mAP            ┃  mAR   ┃         F1 sweep         ┃
┡━━━━━━━━┯━━━━━━━━┯━━━━━━━━╇━━━━━━━━╇━━━━━━━━┯━━━━━━━━┯━━━━━━━━┩
│ [1;92m50:95[0m  │   [1;36m50[0m   │   [1;36m75[0m   │  @[1;36m500[0m  │   F1   │  Prec  │ Recall │
├────────┼────────┼────────┼────────┼────────┼────────┼────────┤
│ [1;36m0.5452[0m │ [1;36m0.7690[0m │ [1;36m0.6002[0m │ [1;36m0.6637[0m │ [1;36m0.7793[0m │ [1;36m0.8619[0m │ [1;36m0.7231[0m │
└────────┴────────┴────────┴────────┴────────┴────────┴────────┘
[1;36m            Val (Epoch 21/60) — Per-class Metrics            [0m
┏━━━━━━━━━┳━━━━━━━━━━┳━━━━━━━━┳━━━━━━━━┳━━━━━━━━━━━┳━━━━━━━━┓
┃[1;36m [0m[1;36mClass  [0m[1;36m [0m┃[1;36m [0m[1;36mAP 50:95[0m[1;36m [0m┃[1;36m [0m[1;36m    AR[0m[1;36m [0m┃[1;36m [0m[1;36m    F1[0m[1;36m [0m┃[1;36m [0m[1;36mPrecision[0m[1;36m [0m┃[1;36m [0m[1;36mRecall[0m[1;36m [0m┃
┡━━━━━━━━━╇━━━━━━━━━━╇━━━━━━━━╇━━━━━━━━╇━━━━━━━━━━━╇━━━━━━━━┩
│[2m [0m[2mknife  [0m[2m [0m│   0.3076 │ 0.4535 │ 0.5951 │    0.7790 │ 0.4815 │
│[2m [0m[2mfirearm[0m[2m [0m│   0.7356 │ 0.8074 │ 0.9299 │    0.9294 │ 0.9304 │
│[2m [0m[2mhammer [0m[2m [0m│   0.5926 │ 0.7303 │ 0.8130 │    0.8772 │ 0.7576 │
└─────────┴──────────┴────────┴────────┴───────────┴────────┘
Metric __rfdetr_effective_map__ improved by 0.006 >= min_delta = 0.001. New best score: 0.551
[2026-08-24 15:43:25] [INFO] rf-detr - Best regular checkpoint saved to /home/easemyai/weapons_project/runs_rfdetr/rfdetr_m_v4/checkpoint_best_regular.pth (epoch 20, monitor=val/mAP_50_95, value=0.545227)
[2026-08-24 15:43:25] [INFO] rf-detr - Best EMA mAP improved to 0.5513 (epoch 20)
              Val [1m([0mEpoch [1;36m24[0m/[1;36m60[0m[1m)[0m — Overall Metrics               
┏━━━━━━━━━━━━━━━━━━━━━━━━━━┳━━━━━━━━┳━━━━━━━━━━━━━━━━━━━━━━━━━━┓
┃           mAP            ┃  mAR   ┃         F1 sweep         ┃
┡━━━━━━━━┯━━━━━━━━┯━━━━━━━━╇━━━━━━━━╇━━━━━━━━┯━━━━━━━━┯━━━━━━━━┩
│ [1;92m50:95[0m  │   [1;36m50[0m   │   [1;36m75[0m   │  @[1;36m500[0m  │   F1   │  Prec  │ Recall │
├────────┼────────┼────────┼────────┼────────┼────────┼────────┤
│ [1;36m0.5364[0m │ [1;36m0.7713[0m │ [1;36m0.5795[0m │ [1;36m0.6490[0m │ [1;36m0.7963[0m │ [1;36m0.8678[0m │ [1;36m0.7570[0m │
└────────┴────────┴────────┴────────┴────────┴────────┴────────┘
[1;36m            Val (Epoch 24/60) — Per-class Metrics            [0m
┏━━━━━━━━━┳━━━━━━━━━━┳━━━━━━━━┳━━━━━━━━┳━━━━━━━━━━━┳━━━━━━━━┓
┃[1;36m [0m[1;36mClass  [0m[1;36m [0m┃[1;36m [0m[1;36mAP 50:95[0m[1;36m [0m┃[1;36m [0m[1;36m    AR[0m[1;36m [0m┃[1;36m [0m[1;36m    F1[0m[1;36m [0m┃[1;36m [0m[1;36mPrecision[0m[1;36m [0m┃[1;36m [0m[1;36mRecall[0m[1;36m [0m┃
┡━━━━━━━━━╇━━━━━━━━━━╇━━━━━━━━╇━━━━━━━━╇━━━━━━━━━━━╇━━━━━━━━┩
│[2m [0m[2mknife  [0m[2m [0m│   0.3083 │ 0.4391 │ 0.5950 │    0.8178 │ 0.4676 │
│[2m [0m[2mfirearm[0m[2m [0m│   0.7258 │ 0.8032 │ 0.9346 │    0.9450 │ 0.9245 │
│[2m [0m[2mhammer [0m[2m [0m│   0.5751 │ 0.7045 │ 0.8593 │    0.8406 │ 0.8788 │
└─────────┴──────────┴────────┴────────┴───────────┴────────┘
              Val [1m([0mEpoch [1;36m27[0m/[1;36m60[0m[1m)[0m — Overall Metrics               
┏━━━━━━━━━━━━━━━━━━━━━━━━━━┳━━━━━━━━┳━━━━━━━━━━━━━━━━━━━━━━━━━━┓
┃           mAP            ┃  mAR   ┃         F1 sweep         ┃
┡━━━━━━━━┯━━━━━━━━┯━━━━━━━━╇━━━━━━━━╇━━━━━━━━┯━━━━━━━━┯━━━━━━━━┩
│ [1;92m50:95[0m  │   [1;36m50[0m   │   [1;36m75[0m   │  @[1;36m500[0m  │   F1   │  Prec  │ Recall │
├────────┼────────┼────────┼────────┼────────┼────────┼────────┤
│ [1;36m0.5557[0m │ [1;36m0.7808[0m │ [1;36m0.5780[0m │ [1;36m0.6703[0m │ [1;36m0.7896[0m │ [1;36m0.8051[0m │ [1;36m0.7933[0m │
└────────┴────────┴────────┴────────┴────────┴────────┴────────┘
[1;36m            Val (Epoch 27/60) — Per-class Metrics            [0m
┏━━━━━━━━━┳━━━━━━━━━━┳━━━━━━━━┳━━━━━━━━┳━━━━━━━━━━━┳━━━━━━━━┓
┃[1;36m [0m[1;36mClass  [0m[1;36m [0m┃[1;36m [0m[1;36mAP 50:95[0m[1;36m [0m┃[1;36m [0m[1;36m    AR[0m[1;36m [0m┃[1;36m [0m[1;36m    F1[0m[1;36m [0m┃[1;36m [0m[1;36mPrecision[0m[1;36m [0m┃[1;36m [0m[1;36mRecall[0m[1;36m [0m┃
┡━━━━━━━━━╇━━━━━━━━━━╇━━━━━━━━╇━━━━━━━━╇━━━━━━━━━━━╇━━━━━━━━┩
│[2m [0m[2mknife  [0m[2m [0m│   0.3240 │ 0.4551 │ 0.6006 │    0.7415 │ 0.5046 │
│[2m [0m[2mfirearm[0m[2m [0m│   0.7510 │ 0.8240 │ 0.9150 │    0.8815 │ 0.9510 │
│[2m [0m[2mhammer [0m[2m [0m│   0.5921 │ 0.7318 │ 0.8531 │    0.7922 │ 0.9242 │
└─────────┴──────────┴────────┴────────┴───────────┴────────┘
Metric __rfdetr_effective_map__ improved by 0.004 >= min_delta = 0.001. New best score: 0.556
[2026-08-24 16:45:35] [INFO] rf-detr - Best regular checkpoint saved to /home/easemyai/weapons_project/runs_rfdetr/rfdetr_m_v4/checkpoint_best_regular.pth (epoch 26, monitor=val/mAP_50_95, value=0.555691)
[2026-08-24 16:45:35] [INFO] rf-detr - Best EMA mAP improved to 0.5537 (epoch 26)
              Val [1m([0mEpoch [1;36m30[0m/[1;36m60[0m[1m)[0m — Overall Metrics               
┏━━━━━━━━━━━━━━━━━━━━━━━━━━┳━━━━━━━━┳━━━━━━━━━━━━━━━━━━━━━━━━━━┓
┃           mAP            ┃  mAR   ┃         F1 sweep         ┃
┡━━━━━━━━┯━━━━━━━━┯━━━━━━━━╇━━━━━━━━╇━━━━━━━━┯━━━━━━━━┯━━━━━━━━┩
│ [1;92m50:95[0m  │   [1;36m50[0m   │   [1;36m75[0m   │  @[1;36m500[0m  │   F1   │  Prec  │ Recall │
├────────┼────────┼────────┼────────┼────────┼────────┼────────┤
│ [1;36m0.5607[0m │ [1;36m0.7857[0m │ [1;36m0.6058[0m │ [1;36m0.6775[0m │ [1;36m0.8016[0m │ [1;36m0.8342[0m │ [1;36m0.7946[0m │
└────────┴────────┴────────┴────────┴────────┴────────┴────────┘
[1;36m            Val (Epoch 30/60) — Per-class Metrics            [0m
┏━━━━━━━━━┳━━━━━━━━━━┳━━━━━━━━┳━━━━━━━━┳━━━━━━━━━━━┳━━━━━━━━┓
┃[1;36m [0m[1;36mClass  [0m[1;36m [0m┃[1;36m [0m[1;36mAP 50:95[0m[1;36m [0m┃[1;36m [0m[1;36m    AR[0m[1;36m [0m┃[1;36m [0m[1;36m    F1[0m[1;36m [0m┃[1;36m [0m[1;36mPrecision[0m[1;36m [0m┃[1;36m [0m[1;36mRecall[0m[1;36m [0m┃
┡━━━━━━━━━╇━━━━━━━━━━╇━━━━━━━━╇━━━━━━━━╇━━━━━━━━━━━╇━━━━━━━━┩
│[2m [0m[2mknife  [0m[2m [0m│   0.3290 │ 0.4669 │ 0.6128 │    0.7912 │ 0.5000 │
│[2m [0m[2mfirearm[0m[2m [0m│   0.7532 │ 0.8215 │ 0.9250 │    0.9063 │ 0.9444 │
│[2m [0m[2mhammer [0m[2m [0m│   0.5998 │ 0.7439 │ 0.8671 │    0.8052 │ 0.9394 │
└─────────┴──────────┴────────┴────────┴───────────┴────────┘
Metric __rfdetr_effective_map__ improved by 0.005 >= min_delta = 0.001. New best score: 0.561
[2026-08-24 17:16:34] [INFO] rf-detr - Best regular checkpoint saved to /home/easemyai/weapons_project/runs_rfdetr/rfdetr_m_v4/checkpoint_best_regular.pth (epoch 29, monitor=val/mAP_50_95, value=0.560659)
[2026-08-24 17:16:34] [INFO] rf-detr - Best EMA mAP improved to 0.5586 (epoch 29)
              Val [1m([0mEpoch [1;36m33[0m/[1;36m60[0m[1m)[0m — Overall Metrics               
┏━━━━━━━━━━━━━━━━━━━━━━━━━━┳━━━━━━━━┳━━━━━━━━━━━━━━━━━━━━━━━━━━┓
┃           mAP            ┃  mAR   ┃         F1 sweep         ┃
┡━━━━━━━━┯━━━━━━━━┯━━━━━━━━╇━━━━━━━━╇━━━━━━━━┯━━━━━━━━┯━━━━━━━━┩
│ [1;92m50:95[0m  │   [1;36m50[0m   │   [1;36m75[0m   │  @[1;36m500[0m  │   F1   │  Prec  │ Recall │
├────────┼────────┼────────┼────────┼────────┼────────┼────────┤
│ [1;36m0.5569[0m │ [1;36m0.7857[0m │ [1;36m0.5899[0m │ [1;36m0.6752[0m │ [1;36m0.8056[0m │ [1;36m0.8501[0m │ [1;36m0.7885[0m │
└────────┴────────┴────────┴────────┴────────┴────────┴────────┘
[1;36m            Val (Epoch 33/60) — Per-class Metrics            [0m
┏━━━━━━━━━┳━━━━━━━━━━┳━━━━━━━━┳━━━━━━━━┳━━━━━━━━━━━┳━━━━━━━━┓
┃[1;36m [0m[1;36mClass  [0m[1;36m [0m┃[1;36m [0m[1;36mAP 50:95[0m[1;36m [0m┃[1;36m [0m[1;36m    AR[0m[1;36m [0m┃[1;36m [0m[1;36m    F1[0m[1;36m [0m┃[1;36m [0m[1;36mPrecision[0m[1;36m [0m┃[1;36m [0m[1;36mRecall[0m[1;36m [0m┃
┡━━━━━━━━━╇━━━━━━━━━━╇━━━━━━━━╇━━━━━━━━╇━━━━━━━━━━━╇━━━━━━━━┩
│[2m [0m[2mknife  [0m[2m [0m│   0.3275 │ 0.4637 │ 0.6149 │    0.8106 │ 0.4954 │
│[2m [0m[2mfirearm[0m[2m [0m│   0.7522 │ 0.8165 │ 0.9304 │    0.9155 │ 0.9459 │
│[2m [0m[2mhammer [0m[2m [0m│   0.5910 │ 0.7455 │ 0.8714 │    0.8243 │ 0.9242 │
└─────────┴──────────┴────────┴────────┴───────────┴────────┘
[2026-08-24 17:47:40] [INFO] rf-detr - Best EMA mAP improved to 0.5605 (epoch 32)
              Val [1m([0mEpoch [1;36m36[0m/[1;36m60[0m[1m)[0m — Overall Metrics               
┏━━━━━━━━━━━━━━━━━━━━━━━━━━┳━━━━━━━━┳━━━━━━━━━━━━━━━━━━━━━━━━━━┓
┃           mAP            ┃  mAR   ┃         F1 sweep         ┃
┡━━━━━━━━┯━━━━━━━━┯━━━━━━━━╇━━━━━━━━╇━━━━━━━━┯━━━━━━━━┯━━━━━━━━┩
│ [1;92m50:95[0m  │   [1;36m50[0m   │   [1;36m75[0m   │  @[1;36m500[0m  │   F1   │  Prec  │ Recall │
├────────┼────────┼────────┼────────┼────────┼────────┼────────┤
│ [1;36m0.5617[0m │ [1;36m0.7865[0m │ [1;36m0.6153[0m │ [1;36m0.6729[0m │ [1;36m0.8029[0m │ [1;36m0.8452[0m │ [1;36m0.7852[0m │
└────────┴────────┴────────┴────────┴────────┴────────┴────────┘
[1;36m            Val (Epoch 36/60) — Per-class Metrics            [0m
┏━━━━━━━━━┳━━━━━━━━━━┳━━━━━━━━┳━━━━━━━━┳━━━━━━━━━━━┳━━━━━━━━┓
┃[1;36m [0m[1;36mClass  [0m[1;36m [0m┃[1;36m [0m[1;36mAP 50:95[0m[1;36m [0m┃[1;36m [0m[1;36m    AR[0m[1;36m [0m┃[1;36m [0m[1;36m    F1[0m[1;36m [0m┃[1;36m [0m[1;36mPrecision[0m[1;36m [0m┃[1;36m [0m[1;36mRecall[0m[1;36m [0m┃
┡━━━━━━━━━╇━━━━━━━━━━╇━━━━━━━━╇━━━━━━━━╇━━━━━━━━━━━╇━━━━━━━━┩
│[2m [0m[2mknife  [0m[2m [0m│   0.3234 │ 0.4574 │ 0.6125 │    0.7963 │ 0.4977 │
│[2m [0m[2mfirearm[0m[2m [0m│   0.7557 │ 0.8203 │ 0.9328 │    0.9174 │ 0.9488 │
│[2m [0m[2mhammer [0m[2m [0m│   0.6058 │ 0.7409 │ 0.8633 │    0.8219 │ 0.9091 │
└─────────┴──────────┴────────┴────────┴───────────┴────────┘
Metric __rfdetr_effective_map__ improved by 0.003 >= min_delta = 0.001. New best score: 0.564
[2026-08-24 18:18:40] [INFO] rf-detr - Best regular checkpoint saved to /home/easemyai/weapons_project/runs_rfdetr/rfdetr_m_v4/checkpoint_best_regular.pth (epoch 35, monitor=val/mAP_50_95, value=0.561656)
[2026-08-24 18:18:40] [INFO] rf-detr - Best EMA mAP improved to 0.5638 (epoch 35)
              Val [1m([0mEpoch [1;36m39[0m/[1;36m60[0m[1m)[0m — Overall Metrics               
┏━━━━━━━━━━━━━━━━━━━━━━━━━━┳━━━━━━━━┳━━━━━━━━━━━━━━━━━━━━━━━━━━┓
┃           mAP            ┃  mAR   ┃         F1 sweep         ┃
┡━━━━━━━━┯━━━━━━━━┯━━━━━━━━╇━━━━━━━━╇━━━━━━━━┯━━━━━━━━┯━━━━━━━━┩
│ [1;92m50:95[0m  │   [1;36m50[0m   │   [1;36m75[0m   │  @[1;36m500[0m  │   F1   │  Prec  │ Recall │
├────────┼────────┼────────┼────────┼────────┼────────┼────────┤
│ [1;36m0.5633[0m │ [1;36m0.7829[0m │ [1;36m0.6090[0m │ [1;36m0.6741[0m │ [1;36m0.8016[0m │ [1;36m0.8597[0m │ [1;36m0.7675[0m │
└────────┴────────┴────────┴────────┴────────┴────────┴────────┘
[1;36m            Val (Epoch 39/60) — Per-class Metrics            [0m
┏━━━━━━━━━┳━━━━━━━━━━┳━━━━━━━━┳━━━━━━━━┳━━━━━━━━━━━┳━━━━━━━━┓
┃[1;36m [0m[1;36mClass  [0m[1;36m [0m┃[1;36m [0m[1;36mAP 50:95[0m[1;36m [0m┃[1;36m [0m[1;36m    AR[0m[1;36m [0m┃[1;36m [0m[1;36m    F1[0m[1;36m [0m┃[1;36m [0m[1;36mPrecision[0m[1;36m [0m┃[1;36m [0m[1;36mRecall[0m[1;36m [0m┃
┡━━━━━━━━━╇━━━━━━━━━━╇━━━━━━━━╇━━━━━━━━╇━━━━━━━━━━━╇━━━━━━━━┩
│[2m [0m[2mknife  [0m[2m [0m│   0.3283 │ 0.4583 │ 0.6143 │    0.8022 │ 0.4977 │
│[2m [0m[2mfirearm[0m[2m [0m│   0.7556 │ 0.8200 │ 0.9335 │    0.9261 │ 0.9411 │
│[2m [0m[2mhammer [0m[2m [0m│   0.6061 │ 0.7439 │ 0.8571 │    0.8507 │ 0.8636 │
└─────────┴──────────┴────────┴────────┴───────────┴────────┘
[2026-08-24 18:49:25] [INFO] rf-detr - Best regular checkpoint saved to /home/easemyai/weapons_project/runs_rfdetr/rfdetr_m_v4/checkpoint_best_regular.pth (epoch 38, monitor=val/mAP_50_95, value=0.563333)
              Val [1m([0mEpoch [1;36m42[0m/[1;36m60[0m[1m)[0m — Overall Metrics               
┏━━━━━━━━━━━━━━━━━━━━━━━━━━┳━━━━━━━━┳━━━━━━━━━━━━━━━━━━━━━━━━━━┓
┃           mAP            ┃  mAR   ┃         F1 sweep         ┃
┡━━━━━━━━┯━━━━━━━━┯━━━━━━━━╇━━━━━━━━╇━━━━━━━━┯━━━━━━━━┯━━━━━━━━┩
│ [1;92m50:95[0m  │   [1;36m50[0m   │   [1;36m75[0m   │  @[1;36m500[0m  │   F1   │  Prec  │ Recall │
├────────┼────────┼────────┼────────┼────────┼────────┼────────┤
│ [1;36m0.5646[0m │ [1;36m0.7877[0m │ [1;36m0.6162[0m │ [1;36m0.6735[0m │ [1;36m0.8074[0m │ [1;36m0.8631[0m │ [1;36m0.7812[0m │
└────────┴────────┴────────┴────────┴────────┴────────┴────────┘
[1;36m            Val (Epoch 42/60) — Per-class Metrics            [0m
┏━━━━━━━━━┳━━━━━━━━━━┳━━━━━━━━┳━━━━━━━━┳━━━━━━━━━━━┳━━━━━━━━┓
┃[1;36m [0m[1;36mClass  [0m[1;36m [0m┃[1;36m [0m[1;36mAP 50:95[0m[1;36m [0m┃[1;36m [0m[1;36m    AR[0m[1;36m [0m┃[1;36m [0m[1;36m    F1[0m[1;36m [0m┃[1;36m [0m[1;36mPrecision[0m[1;36m [0m┃[1;36m [0m[1;36mRecall[0m[1;36m [0m┃
┡━━━━━━━━━╇━━━━━━━━━━╇━━━━━━━━╇━━━━━━━━╇━━━━━━━━━━━╇━━━━━━━━┩
│[2m [0m[2mknife  [0m[2m [0m│   0.3293 │ 0.4514 │ 0.6154 │    0.8249 │ 0.4907 │
│[2m [0m[2mfirearm[0m[2m [0m│   0.7563 │ 0.8208 │ 0.9373 │    0.9310 │ 0.9436 │
│[2m [0m[2mhammer [0m[2m [0m│   0.6081 │ 0.7485 │ 0.8696 │    0.8333 │ 0.9091 │
└─────────┴──────────┴────────┴────────┴───────────┴────────┘
[2026-08-24 19:20:16] [INFO] rf-detr - Best regular checkpoint saved to /home/easemyai/weapons_project/runs_rfdetr/rfdetr_m_v4/checkpoint_best_regular.pth (epoch 41, monitor=val/mAP_50_95, value=0.564587)
              Val [1m([0mEpoch [1;36m45[0m/[1;36m60[0m[1m)[0m — Overall Metrics               
┏━━━━━━━━━━━━━━━━━━━━━━━━━━┳━━━━━━━━┳━━━━━━━━━━━━━━━━━━━━━━━━━━┓
┃           mAP            ┃  mAR   ┃         F1 sweep         ┃
┡━━━━━━━━┯━━━━━━━━┯━━━━━━━━╇━━━━━━━━╇━━━━━━━━┯━━━━━━━━┯━━━━━━━━┩
│ [1;92m50:95[0m  │   [1;36m50[0m   │   [1;36m75[0m   │  @[1;36m500[0m  │   F1   │  Prec  │ Recall │
├────────┼────────┼────────┼────────┼────────┼────────┼────────┤
│ [1;36m0.5634[0m │ [1;36m0.7888[0m │ [1;36m0.6158[0m │ [1;36m0.6718[0m │ [1;36m0.8025[0m │ [1;36m0.8470[0m │ [1;36m0.7856[0m │
└────────┴────────┴────────┴────────┴────────┴────────┴────────┘
[1;36m            Val (Epoch 45/60) — Per-class Metrics            [0m
┏━━━━━━━━━┳━━━━━━━━━━┳━━━━━━━━┳━━━━━━━━┳━━━━━━━━━━━┳━━━━━━━━┓
┃[1;36m [0m[1;36mClass  [0m[1;36m [0m┃[1;36m [0m[1;36mAP 50:95[0m[1;36m [0m┃[1;36m [0m[1;36m    AR[0m[1;36m [0m┃[1;36m [0m[1;36m    F1[0m[1;36m [0m┃[1;36m [0m[1;36mPrecision[0m[1;36m [0m┃[1;36m [0m[1;36mRecall[0m[1;36m [0m┃
┡━━━━━━━━━╇━━━━━━━━━━╇━━━━━━━━╇━━━━━━━━╇━━━━━━━━━━━╇━━━━━━━━┩
│[2m [0m[2mknife  [0m[2m [0m│   0.3276 │ 0.4551 │ 0.6227 │    0.8189 │ 0.5023 │
│[2m [0m[2mfirearm[0m[2m [0m│   0.7568 │ 0.8194 │ 0.9336 │    0.9221 │ 0.9455 │
│[2m [0m[2mhammer [0m[2m [0m│   0.6059 │ 0.7409 │ 0.8511 │    0.8000 │ 0.9091 │
└─────────┴──────────┴────────┴────────┴───────────┴────────┘
              Val [1m([0mEpoch [1;36m48[0m/[1;36m60[0m[1m)[0m — Overall Metrics               
┏━━━━━━━━━━━━━━━━━━━━━━━━━━┳━━━━━━━━┳━━━━━━━━━━━━━━━━━━━━━━━━━━┓
┃           mAP            ┃  mAR   ┃         F1 sweep         ┃
┡━━━━━━━━┯━━━━━━━━┯━━━━━━━━╇━━━━━━━━╇━━━━━━━━┯━━━━━━━━┯━━━━━━━━┩
│ [1;92m50:95[0m  │   [1;36m50[0m   │   [1;36m75[0m   │  @[1;36m500[0m  │   F1   │  Prec  │ Recall │
├────────┼────────┼────────┼────────┼────────┼────────┼────────┤
│ [1;36m0.5624[0m │ [1;36m0.7888[0m │ [1;36m0.6179[0m │ [1;36m0.6676[0m │ [1;36m0.8035[0m │ [1;36m0.8389[0m │ [1;36m0.7912[0m │
└────────┴────────┴────────┴────────┴────────┴────────┴────────┘
[1;36m            Val (Epoch 48/60) — Per-class Metrics            [0m
┏━━━━━━━━━┳━━━━━━━━━━┳━━━━━━━━┳━━━━━━━━┳━━━━━━━━━━━┳━━━━━━━━┓
┃[1;36m [0m[1;36mClass  [0m[1;36m [0m┃[1;36m [0m[1;36mAP 50:95[0m[1;36m [0m┃[1;36m [0m[1;36m    AR[0m[1;36m [0m┃[1;36m [0m[1;36m    F1[0m[1;36m [0m┃[1;36m [0m[1;36mPrecision[0m[1;36m [0m┃[1;36m [0m[1;36mRecall[0m[1;36m [0m┃
┡━━━━━━━━━╇━━━━━━━━━━╇━━━━━━━━╇━━━━━━━━╇━━━━━━━━━━━╇━━━━━━━━┩
│[2m [0m[2mknife  [0m[2m [0m│   0.3286 │ 0.4470 │ 0.6150 │    0.7870 │ 0.5046 │
│[2m [0m[2mfirearm[0m[2m [0m│   0.7556 │ 0.8164 │ 0.9304 │    0.9164 │ 0.9448 │
│[2m [0m[2mhammer [0m[2m [0m│   0.6031 │ 0.7394 │ 0.8652 │    0.8133 │ 0.9242 │
└─────────┴──────────┴────────┴────────┴───────────┴────────┘
              Val [1m([0mEpoch [1;36m51[0m/[1;36m60[0m[1m)[0m — Overall Metrics               
┏━━━━━━━━━━━━━━━━━━━━━━━━━━┳━━━━━━━━┳━━━━━━━━━━━━━━━━━━━━━━━━━━┓
┃           mAP            ┃  mAR   ┃         F1 sweep         ┃
┡━━━━━━━━┯━━━━━━━━┯━━━━━━━━╇━━━━━━━━╇━━━━━━━━┯━━━━━━━━┯━━━━━━━━┩
│ [1;92m50:95[0m  │   [1;36m50[0m   │   [1;36m75[0m   │  @[1;36m500[0m  │   F1   │  Prec  │ Recall │
├────────┼────────┼────────┼────────┼────────┼────────┼────────┤
│ [1;36m0.5635[0m │ [1;36m0.7875[0m │ [1;36m0.6082[0m │ [1;36m0.6695[0m │ [1;36m0.8020[0m │ [1;36m0.8426[0m │ [1;36m0.7875[0m │
└────────┴────────┴────────┴────────┴────────┴────────┴────────┘
[1;36m            Val (Epoch 51/60) — Per-class Metrics            [0m
┏━━━━━━━━━┳━━━━━━━━━━┳━━━━━━━━┳━━━━━━━━┳━━━━━━━━━━━┳━━━━━━━━┓
┃[1;36m [0m[1;36mClass  [0m[1;36m [0m┃[1;36m [0m[1;36mAP 50:95[0m[1;36m [0m┃[1;36m [0m[1;36m    AR[0m[1;36m [0m┃[1;36m [0m[1;36m    F1[0m[1;36m [0m┃[1;36m [0m[1;36mPrecision[0m[1;36m [0m┃[1;36m [0m[1;36mRecall[0m[1;36m [0m┃
┡━━━━━━━━━╇━━━━━━━━━━╇━━━━━━━━╇━━━━━━━━╇━━━━━━━━━━━╇━━━━━━━━┩
│[2m [0m[2mknife  [0m[2m [0m│   0.3308 │ 0.4440 │ 0.6268 │    0.8148 │ 0.5093 │
│[2m [0m[2mfirearm[0m[2m [0m│   0.7553 │ 0.8176 │ 0.9283 │    0.9131 │ 0.9440 │
│[2m [0m[2mhammer [0m[2m [0m│   0.6043 │ 0.7470 │ 0.8511 │    0.8000 │ 0.9091 │
└─────────┴──────────┴────────┴────────┴───────────┴────────┘
              Val [1m([0mEpoch [1;36m54[0m/[1;36m60[0m[1m)[0m — Overall Metrics               
┏━━━━━━━━━━━━━━━━━━━━━━━━━━┳━━━━━━━━┳━━━━━━━━━━━━━━━━━━━━━━━━━━┓
┃           mAP            ┃  mAR   ┃         F1 sweep         ┃
┡━━━━━━━━┯━━━━━━━━┯━━━━━━━━╇━━━━━━━━╇━━━━━━━━┯━━━━━━━━┯━━━━━━━━┩
│ [1;92m50:95[0m  │   [1;36m50[0m   │   [1;36m75[0m   │  @[1;36m500[0m  │   F1   │  Prec  │ Recall │
├────────┼────────┼────────┼────────┼────────┼────────┼────────┤
│ [1;36m0.5640[0m │ [1;36m0.7873[0m │ [1;36m0.6195[0m │ [1;36m0.6690[0m │ [1;36m0.7986[0m │ [1;36m0.8215[0m │ [1;36m0.7996[0m │
└────────┴────────┴────────┴────────┴────────┴────────┴────────┘
[1;36m            Val (Epoch 54/60) — Per-class Metrics            [0m
┏━━━━━━━━━┳━━━━━━━━━━┳━━━━━━━━┳━━━━━━━━┳━━━━━━━━━━━┳━━━━━━━━┓
┃[1;36m [0m[1;36mClass  [0m[1;36m [0m┃[1;36m [0m[1;36mAP 50:95[0m[1;36m [0m┃[1;36m [0m[1;36m    AR[0m[1;36m [0m┃[1;36m [0m[1;36m    F1[0m[1;36m [0m┃[1;36m [0m[1;36mPrecision[0m[1;36m [0m┃[1;36m [0m[1;36mRecall[0m[1;36m [0m┃
┡━━━━━━━━━╇━━━━━━━━━━╇━━━━━━━━╇━━━━━━━━╇━━━━━━━━━━━╇━━━━━━━━┩
│[2m [0m[2mknife  [0m[2m [0m│   0.3275 │ 0.4514 │ 0.6124 │    0.7786 │ 0.5046 │
│[2m [0m[2mfirearm[0m[2m [0m│   0.7557 │ 0.8146 │ 0.9162 │    0.8807 │ 0.9547 │
│[2m [0m[2mhammer [0m[2m [0m│   0.6088 │ 0.7409 │ 0.8671 │    0.8052 │ 0.9394 │
└─────────┴──────────┴────────┴────────┴───────────┴────────┘
              Val [1m([0mEpoch [1;36m57[0m/[1;36m60[0m[1m)[0m — Overall Metrics               
┏━━━━━━━━━━━━━━━━━━━━━━━━━━┳━━━━━━━━┳━━━━━━━━━━━━━━━━━━━━━━━━━━┓
┃           mAP            ┃  mAR   ┃         F1 sweep         ┃
┡━━━━━━━━┯━━━━━━━━┯━━━━━━━━╇━━━━━━━━╇━━━━━━━━┯━━━━━━━━┯━━━━━━━━┩
│ [1;92m50:95[0m  │   [1;36m50[0m   │   [1;36m75[0m   │  @[1;36m500[0m  │   F1   │  Prec  │ Recall │
├────────┼────────┼────────┼────────┼────────┼────────┼────────┤
│ [1;36m0.5610[0m │ [1;36m0.7839[0m │ [1;36m0.6169[0m │ [1;36m0.6704[0m │ [1;36m0.8041[0m │ [1;36m0.8348[0m │ [1;36m0.8011[0m │
└────────┴────────┴────────┴────────┴────────┴────────┴────────┘
[1;36m            Val (Epoch 57/60) — Per-class Metrics            [0m
┏━━━━━━━━━┳━━━━━━━━━━┳━━━━━━━━┳━━━━━━━━┳━━━━━━━━━━━┳━━━━━━━━┓
┃[1;36m [0m[1;36mClass  [0m[1;36m [0m┃[1;36m [0m[1;36mAP 50:95[0m[1;36m [0m┃[1;36m [0m[1;36m    AR[0m[1;36m [0m┃[1;36m [0m[1;36m    F1[0m[1;36m [0m┃[1;36m [0m[1;36mPrecision[0m[1;36m [0m┃[1;36m [0m[1;36mRecall[0m[1;36m [0m┃
┡━━━━━━━━━╇━━━━━━━━━━╇━━━━━━━━╇━━━━━━━━╇━━━━━━━━━━━╇━━━━━━━━┩
│[2m [0m[2mknife  [0m[2m [0m│   0.3252 │ 0.4475 │ 0.6145 │    0.7970 │ 0.5000 │
│[2m [0m[2mfirearm[0m[2m [0m│   0.7549 │ 0.8166 │ 0.9290 │    0.9099 │ 0.9488 │
│[2m [0m[2mhammer [0m[2m [0m│   0.6031 │ 0.7470 │ 0.8690 │    0.7975 │ 0.9545 │
└─────────┴──────────┴────────┴────────┴───────────┴────────┘
              Val [1m([0mEpoch [1;36m60[0m/[1;36m60[0m[1m)[0m — Overall Metrics               
┏━━━━━━━━━━━━━━━━━━━━━━━━━━┳━━━━━━━━┳━━━━━━━━━━━━━━━━━━━━━━━━━━┓
┃           mAP            ┃  mAR   ┃         F1 sweep         ┃
┡━━━━━━━━┯━━━━━━━━┯━━━━━━━━╇━━━━━━━━╇━━━━━━━━┯━━━━━━━━┯━━━━━━━━┩
│ [1;92m50:95[0m  │   [1;36m50[0m   │   [1;36m75[0m   │  @[1;36m500[0m  │   F1   │  Prec  │ Recall │
├────────┼────────┼────────┼────────┼────────┼────────┼────────┤
│ [1;36m0.5675[0m │ [1;36m0.7877[0m │ [1;36m0.6225[0m │ [1;36m0.6741[0m │ [1;36m0.8030[0m │ [1;36m0.8353[0m │ [1;36m0.7971[0m │
└────────┴────────┴────────┴────────┴────────┴────────┴────────┘
[1;36m            Val (Epoch 60/60) — Per-class Metrics            [0m
┏━━━━━━━━━┳━━━━━━━━━━┳━━━━━━━━┳━━━━━━━━┳━━━━━━━━━━━┳━━━━━━━━┓
┃[1;36m [0m[1;36mClass  [0m[1;36m [0m┃[1;36m [0m[1;36mAP 50:95[0m[1;36m [0m┃[1;36m [0m[1;36m    AR[0m[1;36m [0m┃[1;36m [0m[1;36m    F1[0m[1;36m [0m┃[1;36m [0m[1;36mPrecision[0m[1;36m [0m┃[1;36m [0m[1;36mRecall[0m[1;36m [0m┃
┡━━━━━━━━━╇━━━━━━━━━━╇━━━━━━━━╇━━━━━━━━╇━━━━━━━━━━━╇━━━━━━━━┩
│[2m [0m[2mknife  [0m[2m [0m│   0.3242 │ 0.4472 │ 0.6184 │    0.7985 │ 0.5046 │
│[2m [0m[2mfirearm[0m[2m [0m│   0.7579 │ 0.8191 │ 0.9295 │    0.9124 │ 0.9473 │
│[2m [0m[2mhammer [0m[2m [0m│   0.6205 │ 0.7561 │ 0.8611 │    0.7949 │ 0.9394 │
└─────────┴──────────┴────────┴────────┴───────────┴────────┘
Metric __rfdetr_effective_map__ improved by 0.004 >= min_delta = 0.001. New best score: 0.568
[2026-08-24 22:26:35] [INFO] rf-detr - Best regular checkpoint saved to /home/easemyai/weapons_project/runs_rfdetr/rfdetr_m_v4/checkpoint_best_regular.pth (epoch 59, monitor=val/mAP_50_95, value=0.56753)
[2026-08-24 22:26:36] [INFO] rf-detr - Best EMA mAP improved to 0.5665 (epoch 59)
`Trainer.fit` stopped: `max_epochs=60` reached.
[2026-08-24 22:26:39] [INFO] rf-detr - Best total checkpoint saved from regular (regular=0.5675, ema=0.5665)
[2026-08-24 22:26:40] [INFO] rf-detr - Loaded best weights from /home/easemyai/weapons_project/runs_rfdetr/rfdetr_m_v4/checkpoint_best_total.pth for test evaluation.
[2026-08-24 22:26:40] [INFO] rf-detr - Building Roboflow test dataset with square resize at resolution 704
[2026-08-24 22:26:40] [INFO] rf-detr - Using multi-scale training with square resize and scales: [864]
LOCAL_RANK: 0 - CUDA_VISIBLE_DEVICES: [0]
loading annotations into memory...
Done (t=0.00s)
creating index...
index created!
              Test [1m([0mEpoch [1;36m61[0m/[1;36m60[0m[1m)[0m — Overall Metrics              
┏━━━━━━━━━━━━━━━━━━━━━━━━━━┳━━━━━━━━┳━━━━━━━━━━━━━━━━━━━━━━━━━━┓
┃           mAP            ┃  mAR   ┃         F1 sweep         ┃
┡━━━━━━━━┯━━━━━━━━┯━━━━━━━━╇━━━━━━━━╇━━━━━━━━┯━━━━━━━━┯━━━━━━━━┩
│ [1;92m50:95[0m  │   [1;36m50[0m   │   [1;36m75[0m   │  @[1;36m500[0m  │   F1   │  Prec  │ Recall │
├────────┼────────┼────────┼────────┼────────┼────────┼────────┤
│ [1;36m0.7905[0m │ [1;36m0.9915[0m │ [1;36m0.8935[0m │ [1;36m0.8558[0m │ [1;36m0.9791[0m │ [1;36m0.9727[0m │ [1;36m0.9857[0m │
└────────┴────────┴────────┴────────┴────────┴────────┴────────┘
[1;36m           Test (Epoch 61/60) — Per-class Metrics            [0m
┏━━━━━━━━━┳━━━━━━━━━━┳━━━━━━━━┳━━━━━━━━┳━━━━━━━━━━━┳━━━━━━━━┓
┃[1;36m [0m[1;36mClass  [0m[1;36m [0m┃[1;36m [0m[1;36mAP 50:95[0m[1;36m [0m┃[1;36m [0m[1;36m    AR[0m[1;36m [0m┃[1;36m [0m[1;36m    F1[0m[1;36m [0m┃[1;36m [0m[1;36mPrecision[0m[1;36m [0m┃[1;36m [0m[1;36mRecall[0m[1;36m [0m┃
┡━━━━━━━━━╇━━━━━━━━━━╇━━━━━━━━╇━━━━━━━━╇━━━━━━━━━━━╇━━━━━━━━┩
│[2m [0m[2mknife  [0m[2m [0m│   0.7036 │ 0.8078 │ 0.9640 │    0.9511 │ 0.9772 │
│[2m [0m[2mfirearm[0m[2m [0m│   0.8775 │ 0.9038 │ 0.9942 │    0.9942 │ 0.9942 │
└─────────┴──────────┴────────┴────────┴───────────┴────────┘
