nohup: ignoring input
[2026-08-19 08:37:28] [INFO] rf-detr - File /home/easemyai/.roboflow/models/rf-detr-medium.pth already exists with correct MD5 hash.
[2026-08-19 08:37:28] [WARNING] rf-detr - Using a different number of positional encodings than DINOv2, which means we're not loading DINOv2 backbone weights. This is not a problem if finetuning a pretrained RF-DETR model.
[2026-08-19 08:37:28] [WARNING] rf-detr - Using patch size 16 instead of 14, which means we're not loading DINOv2 backbone weights. This is not a problem if finetuning a pretrained RF-DETR model.
[2026-08-19 08:37:29] [INFO] rf-detr - File /home/easemyai/.roboflow/models/rf-detr-medium.pth already exists with correct MD5 hash.
[2026-08-19 08:37:31] [WARNING] rf-detr - Using a different number of positional encodings than DINOv2, which means we're not loading DINOv2 backbone weights. This is not a problem if finetuning a pretrained RF-DETR model.
[2026-08-19 08:37:31] [WARNING] rf-detr - Using patch size 16 instead of 14, which means we're not loading DINOv2 backbone weights. This is not a problem if finetuning a pretrained RF-DETR model.
[2026-08-19 08:37:32] [INFO] rf-detr - File /home/easemyai/.roboflow/models/rf-detr-medium.pth already exists with correct MD5 hash.
[2026-08-19 08:37:33] [WARNING] rf-detr - Checkpoint has 90 classes but model is configured for 4. The detection head will be re-initialized to 4 classes.
Using bfloat16 Automatic Mixed Precision (AMP)
GPU available: True (cuda), used: True
TPU available: False, using: 0 TPU cores
💡 Tip: For seamless cloud logging and experiment tracking, try installing [litlogger](https://pypi.org/project/litlogger/) to enable LitLogger, which logs metrics and artifacts automatically to the Lightning Experiments platform.
/home/easemyai/weapons_project/rfdetr_env/lib/python3.12/site-packages/lightning_fabric/loggers/csv_logs.py:268: Experiment logs directory /home/easemyai/weapons_project/runs_rfdetr/rfdetr_m_v1/ exists and is not empty. Previous log files in this directory will be deleted when the new ones are saved!
[2026-08-19 08:37:33] [INFO] rf-detr - Building Roboflow train dataset with square resize at resolution 576
[2026-08-19 08:37:33] [INFO] rf-detr - Using multi-scale training with square resize and scales: [736]
/home/easemyai/weapons_project/rfdetr_env/lib/python3.12/site-packages/rfdetr/datasets/coco.py:1272: UserWarning: RF-DETR has changed the default training augmentation backend from Albumentations (cv2 INTER_LINEAR, no antialias) to torchvision (BILINEAR + antialias=True). Pixel values will differ slightly from previous versions; mAP may drift on existing benchmarks. To restore the previous behaviour, install rfdetr[augment] and pass aug_config=AUG_CONFIG from rfdetr.datasets.aug_configs.
  transforms=make_coco_transforms_square_div_64(
loading annotations into memory...
Done (t=0.07s)
creating index...
index created!
[2026-08-19 08:37:33] [INFO] rf-detr - Building Roboflow val dataset with square resize at resolution 576
[2026-08-19 08:37:33] [INFO] rf-detr - Using multi-scale training with square resize and scales: [736]
LOCAL_RANK: 0 - CUDA_VISIBLE_DEVICES: [0]
Loading `train_dataloader` to estimate number of stepping batches.
/home/easemyai/weapons_project/rfdetr_env/lib/python3.12/site-packages/pytorch_lightning/utilities/_pytree.py:21: `isinstance(treespec, LeafSpec)` is deprecated, use `isinstance(treespec, TreeSpec) and treespec.is_leaf()` instead.
loading annotations into memory...
Done (t=0.01s)
creating index...
index created!
/home/easemyai/weapons_project/rfdetr_env/lib/python3.12/site-packages/pytorch_lightning/utilities/model_summary/model_summary.py:242: Precision bf16-mixed is not supported by the model summary.  Estimated model size in MB will not be accurate. Using 32 bits instead.
┏━━━┳━━━━━━━━━━━━━┳━━━━━━━━━━━━━━┳━━━━━━━━┳━━━━━━━┳━━━━━━━┓
┃   ┃ Name        ┃ Type         ┃ Params ┃ Mode  ┃ FLOPs ┃
┡━━━╇━━━━━━━━━━━━━╇━━━━━━━━━━━━━━╇━━━━━━━━╇━━━━━━━╇━━━━━━━┩
│ 0 │ model       │ LWDETR       │ 33.4 M │ train │     0 │
│ 1 │ criterion   │ SetCriterion │      0 │ train │     0 │
│ 2 │ postprocess │ PostProcess  │      0 │ train │     0 │
└───┴─────────────┴──────────────┴────────┴───────┴───────┘
Trainable params: 33.4 M                                                        
Non-trainable params: 0                                                         
Total params: 33.4 M                                                            
Total estimated model params size (MB): 133.512                                 
Modules in train mode: 483                                                      
Modules in eval mode: 0                                                         
Total FLOPs: 0                                                                  
               Val [1m([0mEpoch [1;36m3[0m/[1;36m50[0m[1m)[0m — Overall Metrics               
┏━━━━━━━━━━━━━━━━━━━━━━━━━━┳━━━━━━━━┳━━━━━━━━━━━━━━━━━━━━━━━━━━┓
┃           mAP            ┃  mAR   ┃         F1 sweep         ┃
┡━━━━━━━━┯━━━━━━━━┯━━━━━━━━╇━━━━━━━━╇━━━━━━━━┯━━━━━━━━┯━━━━━━━━┩
│ [1;92m50:95[0m  │   [1;36m50[0m   │   [1;36m75[0m   │  @[1;36m500[0m  │   F1   │  Prec  │ Recall │
├────────┼────────┼────────┼────────┼────────┼────────┼────────┤
│ [1;36m0.5092[0m │ [1;36m0.7709[0m │ [1;36m0.5281[0m │ [1;36m0.6424[0m │ [1;36m0.7762[0m │ [1;36m0.8624[0m │ [1;36m0.7179[0m │
└────────┴────────┴────────┴────────┴────────┴────────┴────────┘
[1;36m            Val (Epoch 3/50) — Per-class Metrics             [0m
┏━━━━━━━━━┳━━━━━━━━━━┳━━━━━━━━┳━━━━━━━━┳━━━━━━━━━━━┳━━━━━━━━┓
┃[1;36m [0m[1;36mClass  [0m[1;36m [0m┃[1;36m [0m[1;36mAP 50:95[0m[1;36m [0m┃[1;36m [0m[1;36m    AR[0m[1;36m [0m┃[1;36m [0m[1;36m    F1[0m[1;36m [0m┃[1;36m [0m[1;36mPrecision[0m[1;36m [0m┃[1;36m [0m[1;36mRecall[0m[1;36m [0m┃
┡━━━━━━━━━╇━━━━━━━━━━╇━━━━━━━━╇━━━━━━━━╇━━━━━━━━━━━╇━━━━━━━━┩
│[2m [0m[2mknife  [0m[2m [0m│   0.3028 │ 0.4567 │ 0.6139 │    0.7891 │ 0.5023 │
│[2m [0m[2mfirearm[0m[2m [0m│   0.7069 │ 0.8038 │ 0.9081 │    0.8926 │ 0.9241 │
│[2m [0m[2mhammer [0m[2m [0m│   0.5180 │ 0.6667 │ 0.8067 │    0.9057 │ 0.7273 │
└─────────┴──────────┴────────┴────────┴───────────┴────────┘
Metric __rfdetr_effective_map__ improved. New best score: 0.526
[2026-08-19 09:04:41] [INFO] rf-detr - Best regular checkpoint saved to /home/easemyai/weapons_project/runs_rfdetr/rfdetr_m_v1/checkpoint_best_regular.pth (epoch 2, monitor=val/mAP_50_95, value=0.509244)
[2026-08-19 09:04:41] [INFO] rf-detr - Best EMA mAP improved to 0.5256 (epoch 2)
               Val [1m([0mEpoch [1;36m6[0m/[1;36m50[0m[1m)[0m — Overall Metrics               
┏━━━━━━━━━━━━━━━━━━━━━━━━━━┳━━━━━━━━┳━━━━━━━━━━━━━━━━━━━━━━━━━━┓
┃           mAP            ┃  mAR   ┃         F1 sweep         ┃
┡━━━━━━━━┯━━━━━━━━┯━━━━━━━━╇━━━━━━━━╇━━━━━━━━┯━━━━━━━━┯━━━━━━━━┩
│ [1;92m50:95[0m  │   [1;36m50[0m   │   [1;36m75[0m   │  @[1;36m500[0m  │   F1   │  Prec  │ Recall │
├────────┼────────┼────────┼────────┼────────┼────────┼────────┤
│ [1;36m0.5227[0m │ [1;36m0.7686[0m │ [1;36m0.5793[0m │ [1;36m0.6482[0m │ [1;36m0.7795[0m │ [1;36m0.8459[0m │ [1;36m0.7371[0m │
└────────┴────────┴────────┴────────┴────────┴────────┴────────┘
[1;36m            Val (Epoch 6/50) — Per-class Metrics             [0m
┏━━━━━━━━━┳━━━━━━━━━━┳━━━━━━━━┳━━━━━━━━┳━━━━━━━━━━━┳━━━━━━━━┓
┃[1;36m [0m[1;36mClass  [0m[1;36m [0m┃[1;36m [0m[1;36mAP 50:95[0m[1;36m [0m┃[1;36m [0m[1;36m    AR[0m[1;36m [0m┃[1;36m [0m[1;36m    F1[0m[1;36m [0m┃[1;36m [0m[1;36mPrecision[0m[1;36m [0m┃[1;36m [0m[1;36mRecall[0m[1;36m [0m┃
┡━━━━━━━━━╇━━━━━━━━━━╇━━━━━━━━╇━━━━━━━━╇━━━━━━━━━━━╇━━━━━━━━┩
│[2m [0m[2mknife  [0m[2m [0m│   0.3047 │ 0.4442 │ 0.5911 │    0.7774 │ 0.4769 │
│[2m [0m[2mfirearm[0m[2m [0m│   0.7133 │ 0.8063 │ 0.9166 │    0.9167 │ 0.9164 │
│[2m [0m[2mhammer [0m[2m [0m│   0.5500 │ 0.6939 │ 0.8308 │    0.8438 │ 0.8182 │
└─────────┴──────────┴────────┴────────┴───────────┴────────┘
Metric __rfdetr_effective_map__ improved by 0.005 >= min_delta = 0.001. New best score: 0.531
[2026-08-19 09:31:36] [INFO] rf-detr - Best regular checkpoint saved to /home/easemyai/weapons_project/runs_rfdetr/rfdetr_m_v1/checkpoint_best_regular.pth (epoch 5, monitor=val/mAP_50_95, value=0.522669)
[2026-08-19 09:31:36] [INFO] rf-detr - Best EMA mAP improved to 0.5308 (epoch 5)
               Val [1m([0mEpoch [1;36m9[0m/[1;36m50[0m[1m)[0m — Overall Metrics               
┏━━━━━━━━━━━━━━━━━━━━━━━━━━┳━━━━━━━━┳━━━━━━━━━━━━━━━━━━━━━━━━━━┓
┃           mAP            ┃  mAR   ┃         F1 sweep         ┃
┡━━━━━━━━┯━━━━━━━━┯━━━━━━━━╇━━━━━━━━╇━━━━━━━━┯━━━━━━━━┯━━━━━━━━┩
│ [1;92m50:95[0m  │   [1;36m50[0m   │   [1;36m75[0m   │  @[1;36m500[0m  │   F1   │  Prec  │ Recall │
├────────┼────────┼────────┼────────┼────────┼────────┼────────┤
│ [1;36m0.5310[0m │ [1;36m0.7668[0m │ [1;36m0.5587[0m │ [1;36m0.6511[0m │ [1;36m0.7779[0m │ [1;36m0.8433[0m │ [1;36m0.7393[0m │
└────────┴────────┴────────┴────────┴────────┴────────┴────────┘
[1;36m            Val (Epoch 9/50) — Per-class Metrics             [0m
┏━━━━━━━━━┳━━━━━━━━━━┳━━━━━━━━┳━━━━━━━━┳━━━━━━━━━━━┳━━━━━━━━┓
┃[1;36m [0m[1;36mClass  [0m[1;36m [0m┃[1;36m [0m[1;36mAP 50:95[0m[1;36m [0m┃[1;36m [0m[1;36m    AR[0m[1;36m [0m┃[1;36m [0m[1;36m    F1[0m[1;36m [0m┃[1;36m [0m[1;36mPrecision[0m[1;36m [0m┃[1;36m [0m[1;36mRecall[0m[1;36m [0m┃
┡━━━━━━━━━╇━━━━━━━━━━╇━━━━━━━━╇━━━━━━━━╇━━━━━━━━━━━╇━━━━━━━━┩
│[2m [0m[2mknife  [0m[2m [0m│   0.3109 │ 0.4542 │ 0.6129 │    0.8099 │ 0.4931 │
│[2m [0m[2mfirearm[0m[2m [0m│   0.7311 │ 0.8113 │ 0.9082 │    0.8812 │ 0.9370 │
│[2m [0m[2mhammer [0m[2m [0m│   0.5510 │ 0.6879 │ 0.8125 │    0.8387 │ 0.7879 │
└─────────┴──────────┴────────┴────────┴───────────┴────────┘
[2026-08-19 09:59:09] [INFO] rf-detr - Best regular checkpoint saved to /home/easemyai/weapons_project/runs_rfdetr/rfdetr_m_v1/checkpoint_best_regular.pth (epoch 8, monitor=val/mAP_50_95, value=0.531003)
              Val [1m([0mEpoch [1;36m12[0m/[1;36m50[0m[1m)[0m — Overall Metrics               
┏━━━━━━━━━━━━━━━━━━━━━━━━━━┳━━━━━━━━┳━━━━━━━━━━━━━━━━━━━━━━━━━━┓
┃           mAP            ┃  mAR   ┃         F1 sweep         ┃
┡━━━━━━━━┯━━━━━━━━┯━━━━━━━━╇━━━━━━━━╇━━━━━━━━┯━━━━━━━━┯━━━━━━━━┩
│ [1;92m50:95[0m  │   [1;36m50[0m   │   [1;36m75[0m   │  @[1;36m500[0m  │   F1   │  Prec  │ Recall │
├────────┼────────┼────────┼────────┼────────┼────────┼────────┤
│ [1;36m0.5318[0m │ [1;36m0.7683[0m │ [1;36m0.5834[0m │ [1;36m0.6476[0m │ [1;36m0.7915[0m │ [1;36m0.8928[0m │ [1;36m0.7243[0m │
└────────┴────────┴────────┴────────┴────────┴────────┴────────┘
[1;36m            Val (Epoch 12/50) — Per-class Metrics            [0m
┏━━━━━━━━━┳━━━━━━━━━━┳━━━━━━━━┳━━━━━━━━┳━━━━━━━━━━━┳━━━━━━━━┓
┃[1;36m [0m[1;36mClass  [0m[1;36m [0m┃[1;36m [0m[1;36mAP 50:95[0m[1;36m [0m┃[1;36m [0m[1;36m    AR[0m[1;36m [0m┃[1;36m [0m[1;36m    F1[0m[1;36m [0m┃[1;36m [0m[1;36mPrecision[0m[1;36m [0m┃[1;36m [0m[1;36mRecall[0m[1;36m [0m┃
┡━━━━━━━━━╇━━━━━━━━━━╇━━━━━━━━╇━━━━━━━━╇━━━━━━━━━━━╇━━━━━━━━┩
│[2m [0m[2mknife  [0m[2m [0m│   0.3120 │ 0.4444 │ 0.6012 │    0.8200 │ 0.4745 │
│[2m [0m[2mfirearm[0m[2m [0m│   0.7300 │ 0.8091 │ 0.9279 │    0.9460 │ 0.9105 │
│[2m [0m[2mhammer [0m[2m [0m│   0.5535 │ 0.6894 │ 0.8455 │    0.9123 │ 0.7879 │
└─────────┴──────────┴────────┴────────┴───────────┴────────┘
Metric __rfdetr_effective_map__ improved by 0.017 >= min_delta = 0.001. New best score: 0.547
[2026-08-19 10:26:06] [INFO] rf-detr - Best regular checkpoint saved to /home/easemyai/weapons_project/runs_rfdetr/rfdetr_m_v1/checkpoint_best_regular.pth (epoch 11, monitor=val/mAP_50_95, value=0.531821)
[2026-08-19 10:26:06] [INFO] rf-detr - Best EMA mAP improved to 0.5473 (epoch 11)
              Val [1m([0mEpoch [1;36m15[0m/[1;36m50[0m[1m)[0m — Overall Metrics               
┏━━━━━━━━━━━━━━━━━━━━━━━━━━┳━━━━━━━━┳━━━━━━━━━━━━━━━━━━━━━━━━━━┓
┃           mAP            ┃  mAR   ┃         F1 sweep         ┃
┡━━━━━━━━┯━━━━━━━━┯━━━━━━━━╇━━━━━━━━╇━━━━━━━━┯━━━━━━━━┯━━━━━━━━┩
│ [1;92m50:95[0m  │   [1;36m50[0m   │   [1;36m75[0m   │  @[1;36m500[0m  │   F1   │  Prec  │ Recall │
├────────┼────────┼────────┼────────┼────────┼────────┼────────┤
│ [1;36m0.5342[0m │ [1;36m0.7685[0m │ [1;36m0.5597[0m │ [1;36m0.6502[0m │ [1;36m0.8026[0m │ [1;36m0.8735[0m │ [1;36m0.7548[0m │
└────────┴────────┴────────┴────────┴────────┴────────┴────────┘
[1;36m            Val (Epoch 15/50) — Per-class Metrics            [0m
┏━━━━━━━━━┳━━━━━━━━━━┳━━━━━━━━┳━━━━━━━━┳━━━━━━━━━━━┳━━━━━━━━┓
┃[1;36m [0m[1;36mClass  [0m[1;36m [0m┃[1;36m [0m[1;36mAP 50:95[0m[1;36m [0m┃[1;36m [0m[1;36m    AR[0m[1;36m [0m┃[1;36m [0m[1;36m    F1[0m[1;36m [0m┃[1;36m [0m[1;36mPrecision[0m[1;36m [0m┃[1;36m [0m[1;36mRecall[0m[1;36m [0m┃
┡━━━━━━━━━╇━━━━━━━━━━╇━━━━━━━━╇━━━━━━━━╇━━━━━━━━━━━╇━━━━━━━━┩
│[2m [0m[2mknife  [0m[2m [0m│   0.3101 │ 0.4574 │ 0.6108 │    0.7904 │ 0.4977 │
│[2m [0m[2mfirearm[0m[2m [0m│   0.7372 │ 0.8113 │ 0.9309 │    0.9285 │ 0.9333 │
│[2m [0m[2mhammer [0m[2m [0m│   0.5553 │ 0.6818 │ 0.8661 │    0.9016 │ 0.8333 │
└─────────┴──────────┴────────┴────────┴───────────┴────────┘
[2026-08-19 10:53:05] [INFO] rf-detr - Best regular checkpoint saved to /home/easemyai/weapons_project/runs_rfdetr/rfdetr_m_v1/checkpoint_best_regular.pth (epoch 14, monitor=val/mAP_50_95, value=0.534199)
              Val [1m([0mEpoch [1;36m18[0m/[1;36m50[0m[1m)[0m — Overall Metrics               
┏━━━━━━━━━━━━━━━━━━━━━━━━━━┳━━━━━━━━┳━━━━━━━━━━━━━━━━━━━━━━━━━━┓
┃           mAP            ┃  mAR   ┃         F1 sweep         ┃
┡━━━━━━━━┯━━━━━━━━┯━━━━━━━━╇━━━━━━━━╇━━━━━━━━┯━━━━━━━━┯━━━━━━━━┩
│ [1;92m50:95[0m  │   [1;36m50[0m   │   [1;36m75[0m   │  @[1;36m500[0m  │   F1   │  Prec  │ Recall │
├────────┼────────┼────────┼────────┼────────┼────────┼────────┤
│ [1;36m0.5301[0m │ [1;36m0.7696[0m │ [1;36m0.5663[0m │ [1;36m0.6419[0m │ [1;36m0.7952[0m │ [1;36m0.8978[0m │ [1;36m0.7306[0m │
└────────┴────────┴────────┴────────┴────────┴────────┴────────┘
[1;36m            Val (Epoch 18/50) — Per-class Metrics            [0m
┏━━━━━━━━━┳━━━━━━━━━━┳━━━━━━━━┳━━━━━━━━┳━━━━━━━━━━━┳━━━━━━━━┓
┃[1;36m [0m[1;36mClass  [0m[1;36m [0m┃[1;36m [0m[1;36mAP 50:95[0m[1;36m [0m┃[1;36m [0m[1;36m    AR[0m[1;36m [0m┃[1;36m [0m[1;36m    F1[0m[1;36m [0m┃[1;36m [0m[1;36mPrecision[0m[1;36m [0m┃[1;36m [0m[1;36mRecall[0m[1;36m [0m┃
┡━━━━━━━━━╇━━━━━━━━━━╇━━━━━━━━╇━━━━━━━━╇━━━━━━━━━━━╇━━━━━━━━┩
│[2m [0m[2mknife  [0m[2m [0m│   0.3113 │ 0.4262 │ 0.6080 │    0.8536 │ 0.4722 │
│[2m [0m[2mfirearm[0m[2m [0m│   0.7350 │ 0.8026 │ 0.9272 │    0.9547 │ 0.9013 │
│[2m [0m[2mhammer [0m[2m [0m│   0.5438 │ 0.6970 │ 0.8504 │    0.8852 │ 0.8182 │
└─────────┴──────────┴────────┴────────┴───────────┴────────┘
              Val [1m([0mEpoch [1;36m21[0m/[1;36m50[0m[1m)[0m — Overall Metrics               
┏━━━━━━━━━━━━━━━━━━━━━━━━━━┳━━━━━━━━┳━━━━━━━━━━━━━━━━━━━━━━━━━━┓
┃           mAP            ┃  mAR   ┃         F1 sweep         ┃
┡━━━━━━━━┯━━━━━━━━┯━━━━━━━━╇━━━━━━━━╇━━━━━━━━┯━━━━━━━━┯━━━━━━━━┩
│ [1;92m50:95[0m  │   [1;36m50[0m   │   [1;36m75[0m   │  @[1;36m500[0m  │   F1   │  Prec  │ Recall │
├────────┼────────┼────────┼────────┼────────┼────────┼────────┤
│ [1;36m0.5283[0m │ [1;36m0.7536[0m │ [1;36m0.5741[0m │ [1;36m0.6279[0m │ [1;36m0.7809[0m │ [1;36m0.8153[0m │ [1;36m0.7715[0m │
└────────┴────────┴────────┴────────┴────────┴────────┴────────┘
[1;36m            Val (Epoch 21/50) — Per-class Metrics            [0m
┏━━━━━━━━━┳━━━━━━━━━━┳━━━━━━━━┳━━━━━━━━┳━━━━━━━━━━━┳━━━━━━━━┓
┃[1;36m [0m[1;36mClass  [0m[1;36m [0m┃[1;36m [0m[1;36mAP 50:95[0m[1;36m [0m┃[1;36m [0m[1;36m    AR[0m[1;36m [0m┃[1;36m [0m[1;36m    F1[0m[1;36m [0m┃[1;36m [0m[1;36mPrecision[0m[1;36m [0m┃[1;36m [0m[1;36mRecall[0m[1;36m [0m┃
┡━━━━━━━━━╇━━━━━━━━━━╇━━━━━━━━╇━━━━━━━━╇━━━━━━━━━━━╇━━━━━━━━┩
│[2m [0m[2mknife  [0m[2m [0m│   0.3099 │ 0.4333 │ 0.6071 │    0.7839 │ 0.4954 │
│[2m [0m[2mfirearm[0m[2m [0m│   0.7329 │ 0.8033 │ 0.8847 │    0.8238 │ 0.9554 │
│[2m [0m[2mhammer [0m[2m [0m│   0.5421 │ 0.6470 │ 0.8507 │    0.8382 │ 0.8636 │
└─────────┴──────────┴────────┴────────┴───────────┴────────┘
              Val [1m([0mEpoch [1;36m24[0m/[1;36m50[0m[1m)[0m — Overall Metrics               
┏━━━━━━━━━━━━━━━━━━━━━━━━━━┳━━━━━━━━┳━━━━━━━━━━━━━━━━━━━━━━━━━━┓
┃           mAP            ┃  mAR   ┃         F1 sweep         ┃
┡━━━━━━━━┯━━━━━━━━┯━━━━━━━━╇━━━━━━━━╇━━━━━━━━┯━━━━━━━━┯━━━━━━━━┩
│ [1;92m50:95[0m  │   [1;36m50[0m   │   [1;36m75[0m   │  @[1;36m500[0m  │   F1   │  Prec  │ Recall │
├────────┼────────┼────────┼────────┼────────┼────────┼────────┤
│ [1;36m0.5216[0m │ [1;36m0.7515[0m │ [1;36m0.5414[0m │ [1;36m0.6383[0m │ [1;36m0.7866[0m │ [1;36m0.8716[0m │ [1;36m0.7293[0m │
└────────┴────────┴────────┴────────┴────────┴────────┴────────┘
[1;36m            Val (Epoch 24/50) — Per-class Metrics            [0m
┏━━━━━━━━━┳━━━━━━━━━━┳━━━━━━━━┳━━━━━━━━┳━━━━━━━━━━━┳━━━━━━━━┓
┃[1;36m [0m[1;36mClass  [0m[1;36m [0m┃[1;36m [0m[1;36mAP 50:95[0m[1;36m [0m┃[1;36m [0m[1;36m    AR[0m[1;36m [0m┃[1;36m [0m[1;36m    F1[0m[1;36m [0m┃[1;36m [0m[1;36mPrecision[0m[1;36m [0m┃[1;36m [0m[1;36mRecall[0m[1;36m [0m┃
┡━━━━━━━━━╇━━━━━━━━━━╇━━━━━━━━╇━━━━━━━━╇━━━━━━━━━━━╇━━━━━━━━┩
│[2m [0m[2mknife  [0m[2m [0m│   0.2898 │ 0.4419 │ 0.6072 │    0.8023 │ 0.4884 │
│[2m [0m[2mfirearm[0m[2m [0m│   0.7343 │ 0.8064 │ 0.9300 │    0.9332 │ 0.9267 │
│[2m [0m[2mhammer [0m[2m [0m│   0.5408 │ 0.6667 │ 0.8226 │    0.8793 │ 0.7727 │
└─────────┴──────────┴────────┴────────┴───────────┴────────┘
              Val [1m([0mEpoch [1;36m27[0m/[1;36m50[0m[1m)[0m — Overall Metrics               
┏━━━━━━━━━━━━━━━━━━━━━━━━━━┳━━━━━━━━┳━━━━━━━━━━━━━━━━━━━━━━━━━━┓
┃           mAP            ┃  mAR   ┃         F1 sweep         ┃
┡━━━━━━━━┯━━━━━━━━┯━━━━━━━━╇━━━━━━━━╇━━━━━━━━┯━━━━━━━━┯━━━━━━━━┩
│ [1;92m50:95[0m  │   [1;36m50[0m   │   [1;36m75[0m   │  @[1;36m500[0m  │   F1   │  Prec  │ Recall │
├────────┼────────┼────────┼────────┼────────┼────────┼────────┤
│ [1;36m0.5402[0m │ [1;36m0.7596[0m │ [1;36m0.5866[0m │ [1;36m0.6443[0m │ [1;36m0.8011[0m │ [1;36m0.8569[0m │ [1;36m0.7760[0m │
└────────┴────────┴────────┴────────┴────────┴────────┴────────┘
[1;36m            Val (Epoch 27/50) — Per-class Metrics            [0m
┏━━━━━━━━━┳━━━━━━━━━━┳━━━━━━━━┳━━━━━━━━┳━━━━━━━━━━━┳━━━━━━━━┓
┃[1;36m [0m[1;36mClass  [0m[1;36m [0m┃[1;36m [0m[1;36mAP 50:95[0m[1;36m [0m┃[1;36m [0m[1;36m    AR[0m[1;36m [0m┃[1;36m [0m[1;36m    F1[0m[1;36m [0m┃[1;36m [0m[1;36mPrecision[0m[1;36m [0m┃[1;36m [0m[1;36mRecall[0m[1;36m [0m┃
┡━━━━━━━━━╇━━━━━━━━━━╇━━━━━━━━╇━━━━━━━━╇━━━━━━━━━━━╇━━━━━━━━┩
│[2m [0m[2mknife  [0m[2m [0m│   0.2891 │ 0.4241 │ 0.6064 │    0.8189 │ 0.4815 │
│[2m [0m[2mfirearm[0m[2m [0m│   0.7470 │ 0.8165 │ 0.9336 │    0.9299 │ 0.9374 │
│[2m [0m[2mhammer [0m[2m [0m│   0.5844 │ 0.6924 │ 0.8633 │    0.8219 │ 0.9091 │
└─────────┴──────────┴────────┴────────┴───────────┴────────┘
Metric __rfdetr_effective_map__ improved by 0.007 >= min_delta = 0.001. New best score: 0.554
[2026-08-19 12:42:15] [INFO] rf-detr - Best regular checkpoint saved to /home/easemyai/weapons_project/runs_rfdetr/rfdetr_m_v1/checkpoint_best_regular.pth (epoch 26, monitor=val/mAP_50_95, value=0.540158)
[2026-08-19 12:42:15] [INFO] rf-detr - Best EMA mAP improved to 0.5540 (epoch 26)
              Val [1m([0mEpoch [1;36m30[0m/[1;36m50[0m[1m)[0m — Overall Metrics               
┏━━━━━━━━━━━━━━━━━━━━━━━━━━┳━━━━━━━━┳━━━━━━━━━━━━━━━━━━━━━━━━━━┓
┃           mAP            ┃  mAR   ┃         F1 sweep         ┃
┡━━━━━━━━┯━━━━━━━━┯━━━━━━━━╇━━━━━━━━╇━━━━━━━━┯━━━━━━━━┯━━━━━━━━┩
│ [1;92m50:95[0m  │   [1;36m50[0m   │   [1;36m75[0m   │  @[1;36m500[0m  │   F1   │  Prec  │ Recall │
├────────┼────────┼────────┼────────┼────────┼────────┼────────┤
│ [1;36m0.5412[0m │ [1;36m0.7661[0m │ [1;36m0.5805[0m │ [1;36m0.6405[0m │ [1;36m0.7856[0m │ [1;36m0.8248[0m │ [1;36m0.7672[0m │
└────────┴────────┴────────┴────────┴────────┴────────┴────────┘
[1;36m            Val (Epoch 30/50) — Per-class Metrics            [0m
┏━━━━━━━━━┳━━━━━━━━━━┳━━━━━━━━┳━━━━━━━━┳━━━━━━━━━━━┳━━━━━━━━┓
┃[1;36m [0m[1;36mClass  [0m[1;36m [0m┃[1;36m [0m[1;36mAP 50:95[0m[1;36m [0m┃[1;36m [0m[1;36m    AR[0m[1;36m [0m┃[1;36m [0m[1;36m    F1[0m[1;36m [0m┃[1;36m [0m[1;36mPrecision[0m[1;36m [0m┃[1;36m [0m[1;36mRecall[0m[1;36m [0m┃
┡━━━━━━━━━╇━━━━━━━━━━╇━━━━━━━━╇━━━━━━━━╇━━━━━━━━━━━╇━━━━━━━━┩
│[2m [0m[2mknife  [0m[2m [0m│   0.3159 │ 0.4322 │ 0.5972 │    0.7626 │ 0.4907 │
│[2m [0m[2mfirearm[0m[2m [0m│   0.7438 │ 0.8046 │ 0.9090 │    0.8736 │ 0.9473 │
│[2m [0m[2mhammer [0m[2m [0m│   0.5637 │ 0.6848 │ 0.8507 │    0.8382 │ 0.8636 │
└─────────┴──────────┴────────┴────────┴───────────┴────────┘
[2026-08-19 13:09:17] [INFO] rf-detr - Best regular checkpoint saved to /home/easemyai/weapons_project/runs_rfdetr/rfdetr_m_v1/checkpoint_best_regular.pth (epoch 29, monitor=val/mAP_50_95, value=0.541154)
              Val [1m([0mEpoch [1;36m33[0m/[1;36m50[0m[1m)[0m — Overall Metrics               
┏━━━━━━━━━━━━━━━━━━━━━━━━━━┳━━━━━━━━┳━━━━━━━━━━━━━━━━━━━━━━━━━━┓
┃           mAP            ┃  mAR   ┃         F1 sweep         ┃
┡━━━━━━━━┯━━━━━━━━┯━━━━━━━━╇━━━━━━━━╇━━━━━━━━┯━━━━━━━━┯━━━━━━━━┩
│ [1;92m50:95[0m  │   [1;36m50[0m   │   [1;36m75[0m   │  @[1;36m500[0m  │   F1   │  Prec  │ Recall │
├────────┼────────┼────────┼────────┼────────┼────────┼────────┤
│ [1;36m0.5399[0m │ [1;36m0.7565[0m │ [1;36m0.5882[0m │ [1;36m0.6548[0m │ [1;36m0.7827[0m │ [1;36m0.8125[0m │ [1;36m0.7827[0m │
└────────┴────────┴────────┴────────┴────────┴────────┴────────┘
[1;36m            Val (Epoch 33/50) — Per-class Metrics            [0m
┏━━━━━━━━━┳━━━━━━━━━━┳━━━━━━━━┳━━━━━━━━┳━━━━━━━━━━━┳━━━━━━━━┓
┃[1;36m [0m[1;36mClass  [0m[1;36m [0m┃[1;36m [0m[1;36mAP 50:95[0m[1;36m [0m┃[1;36m [0m[1;36m    AR[0m[1;36m [0m┃[1;36m [0m[1;36m    F1[0m[1;36m [0m┃[1;36m [0m[1;36mPrecision[0m[1;36m [0m┃[1;36m [0m[1;36mRecall[0m[1;36m [0m┃
┡━━━━━━━━━╇━━━━━━━━━━╇━━━━━━━━╇━━━━━━━━╇━━━━━━━━━━━╇━━━━━━━━┩
│[2m [0m[2mknife  [0m[2m [0m│   0.3012 │ 0.4516 │ 0.6000 │    0.7836 │ 0.4861 │
│[2m [0m[2mfirearm[0m[2m [0m│   0.7485 │ 0.8187 │ 0.9236 │    0.9099 │ 0.9378 │
│[2m [0m[2mhammer [0m[2m [0m│   0.5699 │ 0.6939 │ 0.8243 │    0.7439 │ 0.9242 │
└─────────┴──────────┴────────┴────────┴───────────┴────────┘
              Val [1m([0mEpoch [1;36m36[0m/[1;36m50[0m[1m)[0m — Overall Metrics               
┏━━━━━━━━━━━━━━━━━━━━━━━━━━┳━━━━━━━━┳━━━━━━━━━━━━━━━━━━━━━━━━━━┓
┃           mAP            ┃  mAR   ┃         F1 sweep         ┃
┡━━━━━━━━┯━━━━━━━━┯━━━━━━━━╇━━━━━━━━╇━━━━━━━━┯━━━━━━━━┯━━━━━━━━┩
│ [1;92m50:95[0m  │   [1;36m50[0m   │   [1;36m75[0m   │  @[1;36m500[0m  │   F1   │  Prec  │ Recall │
├────────┼────────┼────────┼────────┼────────┼────────┼────────┤
│ [1;36m0.5347[0m │ [1;36m0.7613[0m │ [1;36m0.5751[0m │ [1;36m0.6490[0m │ [1;36m0.7915[0m │ [1;36m0.8739[0m │ [1;36m0.7393[0m │
└────────┴────────┴────────┴────────┴────────┴────────┴────────┘
[1;36m            Val (Epoch 36/50) — Per-class Metrics            [0m
┏━━━━━━━━━┳━━━━━━━━━━┳━━━━━━━━┳━━━━━━━━┳━━━━━━━━━━━┳━━━━━━━━┓
┃[1;36m [0m[1;36mClass  [0m[1;36m [0m┃[1;36m [0m[1;36mAP 50:95[0m[1;36m [0m┃[1;36m [0m[1;36m    AR[0m[1;36m [0m┃[1;36m [0m[1;36m    F1[0m[1;36m [0m┃[1;36m [0m[1;36mPrecision[0m[1;36m [0m┃[1;36m [0m[1;36mRecall[0m[1;36m [0m┃
┡━━━━━━━━━╇━━━━━━━━━━╇━━━━━━━━╇━━━━━━━━╇━━━━━━━━━━━╇━━━━━━━━┩
│[2m [0m[2mknife  [0m[2m [0m│   0.2972 │ 0.4356 │ 0.5968 │    0.8039 │ 0.4745 │
│[2m [0m[2mfirearm[0m[2m [0m│   0.7481 │ 0.8173 │ 0.9297 │    0.9193 │ 0.9403 │
│[2m [0m[2mhammer [0m[2m [0m│   0.5589 │ 0.6939 │ 0.8480 │    0.8983 │ 0.8030 │
└─────────┴──────────┴────────┴────────┴───────────┴────────┘
              Val [1m([0mEpoch [1;36m39[0m/[1;36m50[0m[1m)[0m — Overall Metrics               
┏━━━━━━━━━━━━━━━━━━━━━━━━━━┳━━━━━━━━┳━━━━━━━━━━━━━━━━━━━━━━━━━━┓
┃           mAP            ┃  mAR   ┃         F1 sweep         ┃
┡━━━━━━━━┯━━━━━━━━┯━━━━━━━━╇━━━━━━━━╇━━━━━━━━┯━━━━━━━━┯━━━━━━━━┩
│ [1;92m50:95[0m  │   [1;36m50[0m   │   [1;36m75[0m   │  @[1;36m500[0m  │   F1   │  Prec  │ Recall │
├────────┼────────┼────────┼────────┼────────┼────────┼────────┤
│ [1;36m0.5422[0m │ [1;36m0.7708[0m │ [1;36m0.5703[0m │ [1;36m0.6521[0m │ [1;36m0.8052[0m │ [1;36m0.8594[0m │ [1;36m0.7778[0m │
└────────┴────────┴────────┴────────┴────────┴────────┴────────┘
[1;36m            Val (Epoch 39/50) — Per-class Metrics            [0m
┏━━━━━━━━━┳━━━━━━━━━━┳━━━━━━━━┳━━━━━━━━┳━━━━━━━━━━━┳━━━━━━━━┓
┃[1;36m [0m[1;36mClass  [0m[1;36m [0m┃[1;36m [0m[1;36mAP 50:95[0m[1;36m [0m┃[1;36m [0m[1;36m    AR[0m[1;36m [0m┃[1;36m [0m[1;36m    F1[0m[1;36m [0m┃[1;36m [0m[1;36mPrecision[0m[1;36m [0m┃[1;36m [0m[1;36mRecall[0m[1;36m [0m┃
┡━━━━━━━━━╇━━━━━━━━━━╇━━━━━━━━╇━━━━━━━━╇━━━━━━━━━━━╇━━━━━━━━┩
│[2m [0m[2mknife  [0m[2m [0m│   0.3023 │ 0.4528 │ 0.6167 │    0.8168 │ 0.4954 │
│[2m [0m[2mfirearm[0m[2m [0m│   0.7442 │ 0.8187 │ 0.9248 │    0.9063 │ 0.9440 │
│[2m [0m[2mhammer [0m[2m [0m│   0.5802 │ 0.6848 │ 0.8741 │    0.8551 │ 0.8939 │
└─────────┴──────────┴────────┴────────┴───────────┴────────┘
[2026-08-19 14:29:59] [INFO] rf-detr - Best regular checkpoint saved to /home/easemyai/weapons_project/runs_rfdetr/rfdetr_m_v1/checkpoint_best_regular.pth (epoch 38, monitor=val/mAP_50_95, value=0.54223)
              Val [1m([0mEpoch [1;36m42[0m/[1;36m50[0m[1m)[0m — Overall Metrics               
┏━━━━━━━━━━━━━━━━━━━━━━━━━━┳━━━━━━━━┳━━━━━━━━━━━━━━━━━━━━━━━━━━┓
┃           mAP            ┃  mAR   ┃         F1 sweep         ┃
┡━━━━━━━━┯━━━━━━━━┯━━━━━━━━╇━━━━━━━━╇━━━━━━━━┯━━━━━━━━┯━━━━━━━━┩
│ [1;92m50:95[0m  │   [1;36m50[0m   │   [1;36m75[0m   │  @[1;36m500[0m  │   F1   │  Prec  │ Recall │
├────────┼────────┼────────┼────────┼────────┼────────┼────────┤
│ [1;36m0.5549[0m │ [1;36m0.7622[0m │ [1;36m0.6238[0m │ [1;36m0.6595[0m │ [1;36m0.7928[0m │ [1;36m0.8331[0m │ [1;36m0.7744[0m │
└────────┴────────┴────────┴────────┴────────┴────────┴────────┘
[1;36m            Val (Epoch 42/50) — Per-class Metrics            [0m
┏━━━━━━━━━┳━━━━━━━━━━┳━━━━━━━━┳━━━━━━━━┳━━━━━━━━━━━┳━━━━━━━━┓
┃[1;36m [0m[1;36mClass  [0m[1;36m [0m┃[1;36m [0m[1;36mAP 50:95[0m[1;36m [0m┃[1;36m [0m[1;36m    AR[0m[1;36m [0m┃[1;36m [0m[1;36m    F1[0m[1;36m [0m┃[1;36m [0m[1;36mPrecision[0m[1;36m [0m┃[1;36m [0m[1;36mRecall[0m[1;36m [0m┃
┡━━━━━━━━━╇━━━━━━━━━━╇━━━━━━━━╇━━━━━━━━╇━━━━━━━━━━━╇━━━━━━━━┩
│[2m [0m[2mknife  [0m[2m [0m│   0.3123 │ 0.4472 │ 0.6025 │    0.7745 │ 0.4931 │
│[2m [0m[2mfirearm[0m[2m [0m│   0.7484 │ 0.8223 │ 0.9230 │    0.8963 │ 0.9514 │
│[2m [0m[2mhammer [0m[2m [0m│   0.6041 │ 0.7091 │ 0.8529 │    0.8286 │ 0.8788 │
└─────────┴──────────┴────────┴────────┴───────────┴────────┘
Metric __rfdetr_effective_map__ improved by 0.009 >= min_delta = 0.001. New best score: 0.563
[2026-08-19 14:56:52] [INFO] rf-detr - Best regular checkpoint saved to /home/easemyai/weapons_project/runs_rfdetr/rfdetr_m_v1/checkpoint_best_regular.pth (epoch 41, monitor=val/mAP_50_95, value=0.554906)
[2026-08-19 14:56:52] [INFO] rf-detr - Best EMA mAP improved to 0.5627 (epoch 41)
              Val [1m([0mEpoch [1;36m45[0m/[1;36m50[0m[1m)[0m — Overall Metrics               
┏━━━━━━━━━━━━━━━━━━━━━━━━━━┳━━━━━━━━┳━━━━━━━━━━━━━━━━━━━━━━━━━━┓
┃           mAP            ┃  mAR   ┃         F1 sweep         ┃
┡━━━━━━━━┯━━━━━━━━┯━━━━━━━━╇━━━━━━━━╇━━━━━━━━┯━━━━━━━━┯━━━━━━━━┩
│ [1;92m50:95[0m  │   [1;36m50[0m   │   [1;36m75[0m   │  @[1;36m500[0m  │   F1   │  Prec  │ Recall │
├────────┼────────┼────────┼────────┼────────┼────────┼────────┤
│ [1;36m0.5581[0m │ [1;36m0.7723[0m │ [1;36m0.6118[0m │ [1;36m0.6425[0m │ [1;36m0.8116[0m │ [1;36m0.8702[0m │ [1;36m0.7784[0m │
└────────┴────────┴────────┴────────┴────────┴────────┴────────┘
[1;36m            Val (Epoch 45/50) — Per-class Metrics            [0m
┏━━━━━━━━━┳━━━━━━━━━━┳━━━━━━━━┳━━━━━━━━┳━━━━━━━━━━━┳━━━━━━━━┓
┃[1;36m [0m[1;36mClass  [0m[1;36m [0m┃[1;36m [0m[1;36mAP 50:95[0m[1;36m [0m┃[1;36m [0m[1;36m    AR[0m[1;36m [0m┃[1;36m [0m[1;36m    F1[0m[1;36m [0m┃[1;36m [0m[1;36mPrecision[0m[1;36m [0m┃[1;36m [0m[1;36mRecall[0m[1;36m [0m┃
┡━━━━━━━━━╇━━━━━━━━━━╇━━━━━━━━╇━━━━━━━━╇━━━━━━━━━━━╇━━━━━━━━┩
│[2m [0m[2mknife  [0m[2m [0m│   0.2991 │ 0.4211 │ 0.6014 │    0.7947 │ 0.4838 │
│[2m [0m[2mfirearm[0m[2m [0m│   0.7521 │ 0.8095 │ 0.9312 │    0.9205 │ 0.9422 │
│[2m [0m[2mhammer [0m[2m [0m│   0.6231 │ 0.6970 │ 0.9023 │    0.8955 │ 0.9091 │
└─────────┴──────────┴────────┴────────┴───────────┴────────┘
[2026-08-19 15:23:46] [INFO] rf-detr - Best regular checkpoint saved to /home/easemyai/weapons_project/runs_rfdetr/rfdetr_m_v1/checkpoint_best_regular.pth (epoch 44, monitor=val/mAP_50_95, value=0.558101)
              Val [1m([0mEpoch [1;36m48[0m/[1;36m50[0m[1m)[0m — Overall Metrics               
┏━━━━━━━━━━━━━━━━━━━━━━━━━━┳━━━━━━━━┳━━━━━━━━━━━━━━━━━━━━━━━━━━┓
┃           mAP            ┃  mAR   ┃         F1 sweep         ┃
┡━━━━━━━━┯━━━━━━━━┯━━━━━━━━╇━━━━━━━━╇━━━━━━━━┯━━━━━━━━┯━━━━━━━━┩
│ [1;92m50:95[0m  │   [1;36m50[0m   │   [1;36m75[0m   │  @[1;36m500[0m  │   F1   │  Prec  │ Recall │
├────────┼────────┼────────┼────────┼────────┼────────┼────────┤
│ [1;36m0.5529[0m │ [1;36m0.7686[0m │ [1;36m0.6051[0m │ [1;36m0.6370[0m │ [1;36m0.8075[0m │ [1;36m0.8574[0m │ [1;36m0.7841[0m │
└────────┴────────┴────────┴────────┴────────┴────────┴────────┘
[1;36m            Val (Epoch 48/50) — Per-class Metrics            [0m
┏━━━━━━━━━┳━━━━━━━━━━┳━━━━━━━━┳━━━━━━━━┳━━━━━━━━━━━┳━━━━━━━━┓
┃[1;36m [0m[1;36mClass  [0m[1;36m [0m┃[1;36m [0m[1;36mAP 50:95[0m[1;36m [0m┃[1;36m [0m[1;36m    AR[0m[1;36m [0m┃[1;36m [0m[1;36m    F1[0m[1;36m [0m┃[1;36m [0m[1;36mPrecision[0m[1;36m [0m┃[1;36m [0m[1;36mRecall[0m[1;36m [0m┃
┡━━━━━━━━━╇━━━━━━━━━━╇━━━━━━━━╇━━━━━━━━╇━━━━━━━━━━━╇━━━━━━━━┩
│[2m [0m[2mknife  [0m[2m [0m│   0.3078 │ 0.4231 │ 0.6101 │    0.8061 │ 0.4907 │
│[2m [0m[2mfirearm[0m[2m [0m│   0.7570 │ 0.8031 │ 0.9302 │    0.9090 │ 0.9525 │
│[2m [0m[2mhammer [0m[2m [0m│   0.5939 │ 0.6848 │ 0.8824 │    0.8571 │ 0.9091 │
└─────────┴──────────┴────────┴────────┴───────────┴────────┘
              Val [1m([0mEpoch [1;36m50[0m/[1;36m50[0m[1m)[0m — Overall Metrics               
┏━━━━━━━━━━━━━━━━━━━━━━━━━━┳━━━━━━━━┳━━━━━━━━━━━━━━━━━━━━━━━━━━┓
┃           mAP            ┃  mAR   ┃         F1 sweep         ┃
┡━━━━━━━━┯━━━━━━━━┯━━━━━━━━╇━━━━━━━━╇━━━━━━━━┯━━━━━━━━┯━━━━━━━━┩
│ [1;92m50:95[0m  │   [1;36m50[0m   │   [1;36m75[0m   │  @[1;36m500[0m  │   F1   │  Prec  │ Recall │
├────────┼────────┼────────┼────────┼────────┼────────┼────────┤
│ [1;36m0.5410[0m │ [1;36m0.7670[0m │ [1;36m0.5866[0m │ [1;36m0.6648[0m │ [1;36m0.7894[0m │ [1;36m0.8369[0m │ [1;36m0.7698[0m │
└────────┴────────┴────────┴────────┴────────┴────────┴────────┘
[1;36m            Val (Epoch 50/50) — Per-class Metrics            [0m
┏━━━━━━━━━┳━━━━━━━━━━┳━━━━━━━━┳━━━━━━━━┳━━━━━━━━━━━┳━━━━━━━━┓
┃[1;36m [0m[1;36mClass  [0m[1;36m [0m┃[1;36m [0m[1;36mAP 50:95[0m[1;36m [0m┃[1;36m [0m[1;36m    AR[0m[1;36m [0m┃[1;36m [0m[1;36m    F1[0m[1;36m [0m┃[1;36m [0m[1;36mPrecision[0m[1;36m [0m┃[1;36m [0m[1;36mRecall[0m[1;36m [0m┃
┡━━━━━━━━━╇━━━━━━━━━━╇━━━━━━━━╇━━━━━━━━╇━━━━━━━━━━━╇━━━━━━━━┩
│[2m [0m[2mknife  [0m[2m [0m│   0.3046 │ 0.4454 │ 0.6118 │    0.8123 │ 0.4907 │
│[2m [0m[2mfirearm[0m[2m [0m│   0.7558 │ 0.8310 │ 0.9182 │    0.8841 │ 0.9551 │
│[2m [0m[2mhammer [0m[2m [0m│   0.5626 │ 0.7182 │ 0.8382 │    0.8143 │ 0.8636 │
└─────────┴──────────┴────────┴────────┴───────────┴────────┘
`Trainer.fit` stopped: `max_epochs=50` reached.
[2026-08-19 16:09:06] [INFO] rf-detr - Best total checkpoint saved from EMA (regular=0.5581, ema=0.5627)
[2026-08-19 16:09:07] [INFO] rf-detr - Loaded best weights from /home/easemyai/weapons_project/runs_rfdetr/rfdetr_m_v1/checkpoint_best_total.pth for test evaluation.
[2026-08-19 16:09:07] [INFO] rf-detr - Building Roboflow test dataset with square resize at resolution 576
[2026-08-19 16:09:07] [INFO] rf-detr - Using multi-scale training with square resize and scales: [736]
LOCAL_RANK: 0 - CUDA_VISIBLE_DEVICES: [0]
loading annotations into memory...
Done (t=0.00s)
creating index...
index created!
              Test [1m([0mEpoch [1;36m51[0m/[1;36m50[0m[1m)[0m — Overall Metrics              
┏━━━━━━━━━━━━━━━━━━━━━━━━━━┳━━━━━━━━┳━━━━━━━━━━━━━━━━━━━━━━━━━━┓
┃           mAP            ┃  mAR   ┃         F1 sweep         ┃
┡━━━━━━━━┯━━━━━━━━┯━━━━━━━━╇━━━━━━━━╇━━━━━━━━┯━━━━━━━━┯━━━━━━━━┩
│ [1;92m50:95[0m  │   [1;36m50[0m   │   [1;36m75[0m   │  @[1;36m500[0m  │   F1   │  Prec  │ Recall │
├────────┼────────┼────────┼────────┼────────┼────────┼────────┤
│ [1;36m0.7974[0m │ [1;36m0.9866[0m │ [1;36m0.8787[0m │ [1;36m0.8805[0m │ [1;36m0.9742[0m │ [1;36m0.9675[0m │ [1;36m0.9811[0m │
└────────┴────────┴────────┴────────┴────────┴────────┴────────┘
[1;36m           Test (Epoch 51/50) — Per-class Metrics            [0m
┏━━━━━━━━━┳━━━━━━━━━━┳━━━━━━━━┳━━━━━━━━┳━━━━━━━━━━━┳━━━━━━━━┓
┃[1;36m [0m[1;36mClass  [0m[1;36m [0m┃[1;36m [0m[1;36mAP 50:95[0m[1;36m [0m┃[1;36m [0m[1;36m    AR[0m[1;36m [0m┃[1;36m [0m[1;36m    F1[0m[1;36m [0m┃[1;36m [0m[1;36mPrecision[0m[1;36m [0m┃[1;36m [0m[1;36mRecall[0m[1;36m [0m┃
┡━━━━━━━━━╇━━━━━━━━━━╇━━━━━━━━╇━━━━━━━━╇━━━━━━━━━━━╇━━━━━━━━┩
│[2m [0m[2mknife  [0m[2m [0m│   0.6644 │ 0.8110 │ 0.9571 │    0.9464 │ 0.9680 │
│[2m [0m[2mfirearm[0m[2m [0m│   0.9304 │ 0.9500 │ 0.9914 │    0.9885 │ 0.9942 │
└─────────┴──────────┴────────┴────────┴───────────┴────────┘
